// Jest Snapshot v1, https://goo.gl/fbAQLP

exports[`/IS_PRODUCTION_DEPLOYMENT=false should return dev robots.txt 1`] = `
"User-agent: *
Disallow: /"
`;

exports[`/IS_PRODUCTION_DEPLOYMENT=true should return production robots.txt 1`] = `
"User-agent: *
Disallow: /assets/
Disallow: /images/

Sitemap: https://prod-test-hostname/sitemap.xml"
`;

exports[`/NODE_ENV=* should set dev CSP 1`] = `undefined`;

exports[`/NODE_ENV=production should set production CSP 1`] = `"default-src 'self' *.travail.gouv.fr *.data.gouv.fr *.fabrique.social.gouv.fr;font-src 'self' data: blob:;frame-src 'self' https://mon-entreprise.fr https://matomo.fabrique.social.gouv.fr *.dailymotion.com *.doubleclick.net;img-src 'self' data: *.fabrique.social.gouv.fr https://travail-emploi.gouv.fr https://mon-entreprise.fr https://cdtnadmindev.blob.core.windows.net *.doubleclick.net *.xiti.com;script-src 'self' https://mon-entreprise.fr *.fabrique.social.gouv.fr https://cdnjs.cloudflare.com https://www.googletagmanager.com 'unsafe-inline' *.doubleclick.net;style-src 'self' 'unsafe-inline'"`;
