// Jest Snapshot v1, https://jestjs.io/docs/snapshot-testing

exports[`Glossary getGlossary 1`] = `
[
  {
    "abbreviations": [],
    "definition": "<p>Mesure d'urgence prise par pr√©caution.</p>",
    "references": [
      "https://www.service-public.fr/particuliers/glossaire/R37450",
    ],
    "slug": "a-titre-conservatoire",
    "title": "A titre conservatoire",
    "variants": [],
  },
]
`;
