// Jest Snapshot v1, https://goo.gl/fbAQLP

exports[`Search searchWithQuery 1`] = `
{
  "articles": [
    {
      "_score": undefined,
      "algo": "pre-qualified",
      "breadcrumbs": [],
      "cdtnId": "6638a02755",
      "description": "Le contrat de travail à durée indéterminée peut être rompu à l'initiative de l'employeur ou du salarié, ou d'un commun accord, dans les conditions prévues par les dispositions du présent titre. Ces dispositions ne sont pas applicables pendant la période d'essai",
      "slug": "l1231-1",
      "source": "code_du_travail",
      "title": "L1231-1",
    },
    {
      "_score": undefined,
      "algo": "pre-qualified",
      "breadcrumbs": [],
      "cdtnId": "ea03713a82",
      "description": "En cas de démission, l'existence et la durée du préavis sont fixées par la loi, ou par convention ou accord collectif de travail. En l'absence de dispositions légales, de convention ou accord collectif de travail relatifs au préavis, son existence et sa durée résultent des usages pratiqués dans la localité et dans la profession. Un décret en Conseil d'Etat détermine les modalités d'application du présent article",
      "slug": "l1237-1",
      "source": "code_du_travail",
      "title": "L1237-1",
    },
    {
      "_score": undefined,
      "algo": "pre-qualified",
      "breadcrumbs": [],
      "cdtnId": "4c53e81904",
      "description": "La rupture d'un contrat de travail à durée indéterminée à l'initiative du salarié ouvre droit, si elle est abusive, à des dommages et intérêts pour l'employeur. En cas de litige, le juge se prononce conformément aux dispositions de l'article L. 1235-1 . Un décret en Conseil d'Etat détermine les modalités d'application du présent article",
      "slug": "l1237-2",
      "source": "code_du_travail",
      "title": "L1237-2",
    },
    {
      "_score": 3.6866884,
      "cdtnId": "f13147ec33",
      "description": "Le salarié informe son employeur de sa démission, en application de l'article L. 1225-66 , par lettre recommandée avec avis de réception ou remise contre récépissé. Il adresse à l'employeur sa demande de réembauche, en application de l'article L. 1225-67 , par lettre recommandée avec avis de réception ou remise contre récépissé",
      "slug": "r1225-18",
      "source": "code_du_travail",
      "title": "R1225-18",
      "url": "https://www.legifrance.gouv.fr/affichCodeArticle.do;?idArticle=LEGIARTI000018537778&cidTexte=LEGITEXT000006072050",
    },
  ],
  "documents": [
    {
      "_score": undefined,
      "algo": "pre-qualified",
      "breadcrumbs": [
        {
          "label": "Départ de l’entreprise",
          "position": 8,
          "slug": "/themes/depart-de-lentreprise",
        },
        {
          "label": "Démission",
          "position": 1,
          "slug": "/themes/demission",
        },
      ],
      "cdtnId": "8c42435f9a",
      "description": "La démission permet au salarié, à son initiative, de rompre son contrat de travail, sous conditions.",
      "slug": "demission-dun-salarie",
      "source": "fiches_service_public",
      "title": "Démission d'un salarié",
    },
    {
      "_score": undefined,
      "algo": "pre-qualified",
      "breadcrumbs": [
        {
          "label": "Départ de l’entreprise",
          "position": 8,
          "slug": "/themes/depart-de-lentreprise",
        },
        {
          "label": "Démission",
          "position": 1,
          "slug": "/themes/demission",
        },
      ],
      "cdtnId": "5d4a0ee541",
      "description": "La démission permet au salarié de rompre son CDI de sa propre initiative. Si un délai de préavis est prévu, il doit être respecté.",
      "slug": "la-demission",
      "source": "page_fiche_ministere_travail",
      "title": "La démission",
    },
    {
      "_score": undefined,
      "algo": "pre-qualified",
      "breadcrumbs": [
        {
          "label": "Départ de l’entreprise",
          "position": 8,
          "slug": "/themes/depart-de-lentreprise",
        },
        {
          "label": "Démission",
          "position": 1,
          "slug": "/themes/demission",
        },
      ],
      "cdtnId": "4e7e702fb5",
      "description": "Le salarié qui démissionne n'a pas droit aux allocations chômage (ARE), sauf cas particuliers (démission légitime, reliquat de droits...).",
      "slug": "un-salarie-peut-il-percevoir-lallocation-chomage-en-cas-de-demission",
      "source": "fiches_service_public",
      "title": "Un salarié peut-il percevoir l'allocation chômage en cas de démission ?",
    },
    {
      "_score": undefined,
      "algo": "pre-qualified",
      "breadcrumbs": [
        {
          "label": "Congés et repos",
          "position": 4,
          "slug": "/themes/conges-et-repos",
        },
        {
          "label": "Congés",
          "position": 1,
          "slug": "/themes/conges",
        },
        {
          "label": "Congés payés",
          "position": 0,
          "slug": "/themes/conges-payes",
        },
      ],
      "cdtnId": "52562fc16f",
      "description": "Le salarié peut démissionner pendant ses congés payés, mais le préavis commence à courir à l'issue de ses congés (sauf accord avec l'employeur).",
      "slug": "peut-on-demissionner-pendant-ses-conges-payes",
      "source": "fiches_service_public",
      "title": "Peut-on démissionner pendant ses congés payés ?",
    },
    {
      "_score": undefined,
      "algo": "pre-qualified",
      "breadcrumbs": [
        {
          "label": "Départ de l’entreprise",
          "position": 8,
          "slug": "/themes/depart-de-lentreprise",
        },
        {
          "label": "Démission",
          "position": 1,
          "slug": "/themes/demission",
        },
      ],
      "cdtnId": "6b17d70cd9",
      "description": "Le salarié peut démissionner pendant un arrêt maladie, sauf s'il est en période d'essai.",
      "slug": "peut-on-demissionner-pendant-un-arret-maladie",
      "source": "fiches_service_public",
      "title": "Peut-on démissionner pendant un arrêt maladie ?",
    },
    {
      "_score": undefined,
      "algo": "pre-qualified",
      "breadcrumbs": [
        {
          "label": "Départ de l’entreprise",
          "position": 8,
          "slug": "/themes/depart-de-lentreprise",
        },
        {
          "label": "Démission",
          "position": 1,
          "slug": "/themes/demission",
        },
      ],
      "cdtnId": "184ebe1ef6",
      "description": "Oui. Toute salariée peut démissionner pendant un congé maternité, dans les conditions habituelles prévues en matière de démission.",
      "slug": "peut-on-demissionner-pendant-un-conge-maternite",
      "source": "fiches_service_public",
      "title": "Peut-on démissionner pendant un congé maternité ?",
    },
    {
      "_score": undefined,
      "algo": "pre-qualified",
      "breadcrumbs": [
        {
          "label": "Départ de l’entreprise",
          "position": 8,
          "slug": "/themes/depart-de-lentreprise",
        },
        {
          "label": "Démission",
          "position": 1,
          "slug": "/themes/demission",
        },
      ],
      "cdtnId": "503c412884",
      "description": "Le salarié peut démissionner pendant son congé parental, dans le respect de la procédure habituelle prévue en matière de démission.",
      "slug": "peut-on-demissionner-pendant-un-conge-parental",
      "source": "fiches_service_public",
      "title": "Peut-on démissionner pendant un congé parental ?",
    },
    {
      "_score": undefined,
      "algo": "pre-qualified",
      "breadcrumbs": [
        {
          "label": "Départ de l’entreprise",
          "position": 8,
          "slug": "/themes/depart-de-lentreprise",
        },
        {
          "label": "Démission",
          "position": 1,
          "slug": "/themes/demission",
        },
      ],
      "cdtnId": "4e0dedaa2e",
      "description": "Le salarié d'un particulier employeur qui souhaite démissionner doit informer son employeur et respecter un préavis. Il peut bénéficier d'une indemnité compensatrice de préavis et éventuellement d'une indemnité compensatrice de congés payés. L'employeur doit lui remettre des documents de fin de contrat.",
      "slug": "demission-du-salarie-a-domicile-employe-par-un-particulier",
      "source": "fiches_service_public",
      "title": "Démission du salarié à domicile employé par un particulier",
    },
    {
      "_score": undefined,
      "algo": "pre-qualified",
      "breadcrumbs": [
        {
          "label": "Départ de l’entreprise",
          "position": 8,
          "slug": "/themes/depart-de-lentreprise",
        },
        {
          "label": "Démission",
          "position": 1,
          "slug": "/themes/demission",
        },
      ],
      "cdtnId": "38474d168c",
      "description": "L'assistante maternelle (ou assistant maternel) agréée qui souhaite rompre son contrat de travail doit informer le particulier employeur par écrit et respecter un préavis. À la fin de celui-ci, l'employeur remet les documents de fin de contrat.",
      "slug": "demission-dune-assistante-maternelle",
      "source": "fiches_service_public",
      "title": "Démission d'une assistante maternelle",
    },
    {
      "_score": 39.56697,
      "action": "Calculer",
      "algo": "fulltext",
      "breadcrumbs": [
        {
          "label": "Départ de l’entreprise",
          "position": 8,
          "slug": "/themes/depart-de-lentreprise",
        },
        {
          "label": "Démission",
          "position": 1,
          "slug": "/themes/demission",
        },
      ],
      "cdtnId": "1eea193273",
      "description": "Calculez la durée de préavis à respecter en cas de démission",
      "slug": "preavis-demission",
      "source": "outils",
      "title": "Préavis de démission",
    },
    {
      "_score": 36.872955,
      "action": "Calculer",
      "algo": "fulltext",
      "breadcrumbs": [
        {
          "label": "Départ de l’entreprise",
          "position": 8,
          "slug": "/themes/depart-de-lentreprise",
        },
      ],
      "cdtnId": "d8fca710c5",
      "description": "Calculez le nombre d'heures d'absence autorisée pour rechercher un emploi pendant un préavis",
      "slug": "heures-recherche-emploi",
      "source": "outils",
      "title": "Heures d'absence pour rechercher un emploi",
    },
    {
      "_score": 32.03567,
      "algo": "fulltext",
      "breadcrumbs": [
        {
          "label": "Départ de l’entreprise",
          "position": 8,
          "slug": "/themes/depart-de-lentreprise",
        },
        {
          "label": "Documents à remettre au salarié",
          "position": 0,
          "slug": "/themes/documents-a-remettre-au-salarie",
        },
      ],
      "cdtnId": "59a4d4173c",
      "description": "Le certificat de travail est un document remis par l'employeur au salarié à la date de fin du contrat de travail. Il est remis au salarié pour tout type de contrat de travail (CDI, CDD...), quel que soit le motif de la rupture (démission, licenciement...).",
      "slug": "certificat-de-travail",
      "source": "fiches_service_public",
      "title": "Certificat de travail",
      "url": "https://www.service-public.fr/particuliers/vosdroits/F87",
    },
  ],
  "themes": [
    {
      "_score": 2.5448813,
      "algo": "fulltext",
      "cdtnId": "a9ccf1d613",
      "slug": "demission",
      "source": "themes",
      "title": "Démission",
    },
  ],
}
`;
