// Jest Snapshot v1, https://goo.gl/fbAQLP

exports[`<StepIntro /> should render 1`] = `
<div>
  <p>
    En cas de démission, le salarié ne peut pas quitter l’entreprise immédiatement après avoir informé l’employeur de ses intentions. Il doit rester dans l’entreprise durant une certaine période, qu’on appelle préavis ou parfois délai congé.
  </p>
  <p>
    Les règles encadrant le préavis (droits et obligations, durées, cas de dispense, absences autorisées pour chercher un emploi durant le préavis) sont notamment définies par le code du travail et la branche.
  </p>
  <p>
    Le présent outil vous permet de connaitre la durée du préavis prévue par la convention collective en matière de démission.
  </p>
</div>
`;
