// Jest Snapshot v1, https://goo.gl/fbAQLP

exports[`<MathFormula /> renders 1`] = `
<div>
  <div
    class="sc-kTCsyW ihNUfD"
  >
    <div
      style="overflow: auto;"
    >
      <span
        class="katex-display"
      >
        <span
          class="katex"
        >
          <span
            class="katex-mathml"
          >
            <math
              display="block"
              xmlns="http://www.w3.org/1998/Math/MathML"
            >
              <semantics>
                <mrow>
                  <mfrac>
                    <mn>
                      1
                    </mn>
                    <mn>
                      4
                    </mn>
                  </mfrac>
                  <mo>
                    ×
                  </mo>
                  <mi>
                    S
                  </mi>
                  <mi>
                    r
                  </mi>
                  <mi>
                    e
                  </mi>
                  <mi>
                    f
                  </mi>
                  <mo>
                    ×
                  </mo>
                  <mi>
                    A
                  </mi>
                  <mo>
                    ×
                  </mo>
                  <mn>
                    2
                  </mn>
                </mrow>
                <annotation
                  encoding="application/x-tex"
                >
                  \\frac{1}{4} \\times Sref \\times A \\times 2
                </annotation>
              </semantics>
            </math>
          </span>
          <span
            aria-hidden="true"
            class="katex-html"
          >
            <span
              class="base"
            >
              <span
                class="strut"
                style="height:2.0074em;vertical-align:-0.686em;"
              />
              <span
                class="mord"
              >
                <span
                  class="mopen nulldelimiter"
                />
                <span
                  class="mfrac"
                >
                  <span
                    class="vlist-t vlist-t2"
                  >
                    <span
                      class="vlist-r"
                    >
                      <span
                        class="vlist"
                        style="height:1.3214em;"
                      >
                        <span
                          style="top:-2.314em;"
                        >
                          <span
                            class="pstrut"
                            style="height:3em;"
                          />
                          <span
                            class="mord"
                          >
                            <span
                              class="mord"
                            >
                              4
                            </span>
                          </span>
                        </span>
                        <span
                          style="top:-3.23em;"
                        >
                          <span
                            class="pstrut"
                            style="height:3em;"
                          />
                          <span
                            class="frac-line"
                            style="border-bottom-width:0.04em;"
                          />
                        </span>
                        <span
                          style="top:-3.677em;"
                        >
                          <span
                            class="pstrut"
                            style="height:3em;"
                          />
                          <span
                            class="mord"
                          >
                            <span
                              class="mord"
                            >
                              1
                            </span>
                          </span>
                        </span>
                      </span>
                      <span
                        class="vlist-s"
                      >
                        ​
                      </span>
                    </span>
                    <span
                      class="vlist-r"
                    >
                      <span
                        class="vlist"
                        style="height:0.686em;"
                      >
                        <span />
                      </span>
                    </span>
                  </span>
                </span>
                <span
                  class="mclose nulldelimiter"
                />
              </span>
              <span
                class="mspace"
                style="margin-right:0.2222em;"
              />
              <span
                class="mbin"
              >
                ×
              </span>
              <span
                class="mspace"
                style="margin-right:0.2222em;"
              />
            </span>
            <span
              class="base"
            >
              <span
                class="strut"
                style="height:0.8889em;vertical-align:-0.1944em;"
              />
              <span
                class="mord mathnormal"
                style="margin-right:0.05764em;"
              >
                S
              </span>
              <span
                class="mord mathnormal"
              >
                re
              </span>
              <span
                class="mord mathnormal"
                style="margin-right:0.10764em;"
              >
                f
              </span>
              <span
                class="mspace"
                style="margin-right:0.2222em;"
              />
              <span
                class="mbin"
              >
                ×
              </span>
              <span
                class="mspace"
                style="margin-right:0.2222em;"
              />
            </span>
            <span
              class="base"
            >
              <span
                class="strut"
                style="height:0.7667em;vertical-align:-0.0833em;"
              />
              <span
                class="mord mathnormal"
              >
                A
              </span>
              <span
                class="mspace"
                style="margin-right:0.2222em;"
              />
              <span
                class="mbin"
              >
                ×
              </span>
              <span
                class="mspace"
                style="margin-right:0.2222em;"
              />
            </span>
            <span
              class="base"
            >
              <span
                class="strut"
                style="height:0.6444em;"
              />
              <span
                class="mord"
              >
                2
              </span>
            </span>
          </span>
        </span>
      </span>
    </div>
  </div>
</div>
`;
