// Jest Snapshot v1, https://goo.gl/fbAQLP

exports[`<PrevNextBar /> should render 1`] = `
.c1 {
  display: -webkit-inline-box;
  display: -webkit-inline-flex;
  display: -ms-inline-flexbox;
  display: inline-flex;
  -webkit-align-items: center;
  -webkit-box-align: center;
  -ms-flex-align: center;
  align-items: center;
  -webkit-box-pack: center;
  -webkit-justify-content: center;
  -ms-flex-pack: center;
  justify-content: center;
  box-sizing: content-box;
  font-weight: 500;
  font-size: 1.6rem;
  line-height: 1.125em;
  text-align: center;
  vertical-align: middle;
  border: 1px solid;
  border-radius: 0.6rem;
  cursor: pointer;
  -webkit-transition: background-color 250ms linear, border-color 250ms linear,-webkit-transform 100ms linear;
  -webkit-transition: background-color 250ms linear, border-color 250ms linear,transform 100ms linear;
  transition: background-color 250ms linear, border-color 250ms linear,transform 100ms linear;
  -webkit-appearance: none;
  -moz-appearance: none;
  appearance: none;
  height: 5.2rem;
  padding: 0 4.4rem;
  color: #fff;
  background: #f66663;
  border-color: #f66663;
  box-shadow: 0px 10px 20px rgba(246,102,99,0.26),0px 5px 7px rgba(246,102,99,0.35);
  opacity: 1;
  will-change: transform;
}

.c1:link,
.c1:visited {
  -webkit-text-decoration: none;
  text-decoration: none;
  color: #fff;
}

.c1:not([disabled]):hover,
.c1:not([disabled]):active,
.c1:not([disabled]):focus {
  opacity: 1;
  -webkit-transform: translateY(-2px);
  -ms-transform: translateY(-2px);
  transform: translateY(-2px);
  background: #f99593;
  border-color: #f99593;
}

.c1[disabled] {
  background-color: #e4e8ef;
  border-color: #e4e8ef;
  color: #9298af;
  box-shadow: none;
  cursor: not-allowed;
}

.c4 {
  display: -webkit-inline-box;
  display: -webkit-inline-flex;
  display: -ms-inline-flexbox;
  display: inline-flex;
  -webkit-align-items: center;
  -webkit-box-align: center;
  -ms-flex-align: center;
  align-items: center;
  -webkit-box-pack: center;
  -webkit-justify-content: center;
  -ms-flex-pack: center;
  justify-content: center;
  box-sizing: content-box;
  font-weight: 500;
  font-size: 1.6rem;
  line-height: 1.125em;
  text-align: center;
  vertical-align: middle;
  border: 1px solid;
  border-radius: 0.6rem;
  cursor: pointer;
  -webkit-transition: background-color 250ms linear, border-color 250ms linear,-webkit-transform 100ms linear;
  -webkit-transition: background-color 250ms linear, border-color 250ms linear,transform 100ms linear;
  transition: background-color 250ms linear, border-color 250ms linear,transform 100ms linear;
  -webkit-appearance: none;
  -moz-appearance: none;
  appearance: none;
  height: 4rem;
  padding: 0 3rem;
  color: #3e486e;
  background: #fff;
  border-color: #bbcadf;
  box-shadow: none;
  opacity: 1;
  will-change: transform;
}

.c4:link,
.c4:visited {
  -webkit-text-decoration: none;
  text-decoration: none;
  color: #3e486e;
}

.c4:not([disabled]):hover,
.c4:not([disabled]):active,
.c4:not([disabled]):focus {
  opacity: 1;
  -webkit-transform: translateY(-2px);
  -ms-transform: translateY(-2px);
  transform: translateY(-2px);
  background: #fff;
  border-color: #dee5ef;
}

.c4[disabled] {
  background-color: #e4e8ef;
  border-color: #e4e8ef;
  color: #9298af;
  box-shadow: none;
  cursor: not-allowed;
}

.c0 {
  display: -webkit-box;
  display: -webkit-flex;
  display: -ms-flexbox;
  display: flex;
  -webkit-flex-direction: row-reverse;
  -ms-flex-direction: row-reverse;
  flex-direction: row-reverse;
  -webkit-align-items: center;
  -webkit-box-align: center;
  -ms-flex-align: center;
  align-items: center;
  -webkit-box-pack: justify;
  -webkit-justify-content: space-between;
  -ms-flex-pack: justify;
  justify-content: space-between;
  margin: 5rem 0 3.2rem 0;
}

.c3 {
  width: 3rem;
  margin-left: 1rem;
}

@media (max-width:600px) {
  .c1 {
    font-size: 1.4rem;
  }
}

@media print {
  .c1 {
    display: none;
  }
}

@media (max-width:600px) {
  .c1 {
    padding: 0 3rem;
  }
}

@media (max-width:600px) {
  .c4 {
    font-size: 1.4rem;
  }
}

@media print {
  .c4 {
    display: none;
  }
}

@media (max-width:980px) {
  .c2 + .c2 {
    margin-top: 1.6rem;
  }
}

@media (max-width:980px) {
  .c0 {
    -webkit-flex-flow: column;
    -ms-flex-flow: column;
    flex-flow: column;
    -webkit-align-items: stretch;
    -webkit-box-align: stretch;
    -ms-flex-align: stretch;
    align-items: stretch;
  }
}

@media print {
  .c0 {
    display: none;
  }
}

<div>
  <div
    class="c0"
  >
    <button
      class="c1 c2 "
    >
      Suivant
      <svg
        aria-hidden="true"
        class="c3"
        fill="none"
        viewBox="0 0 28 15"
      >
        <path
          d="M27.875 7.153l-6-6.284a.526.526 0 00-.711-.023.496.496 0 00-.024.688l5.204 5.468H.5c-.276 0-.5.217-.5.484s.224.483.5.483h25.844l-5.204 5.469a.493.493 0 00.024.687.52.52 0 00.711-.023l6-6.284a.506.506 0 000-.665z"
          fill="currentColor"
        />
      </svg>
    </button>
    <button
      class="c4 c2 "
      type="button"
    >
      Précédent
    </button>
  </div>
</div>
`;

exports[`<PrevNextBar /> should render a disabled button 1`] = `
.c1 {
  display: -webkit-inline-box;
  display: -webkit-inline-flex;
  display: -ms-inline-flexbox;
  display: inline-flex;
  -webkit-align-items: center;
  -webkit-box-align: center;
  -ms-flex-align: center;
  align-items: center;
  -webkit-box-pack: center;
  -webkit-justify-content: center;
  -ms-flex-pack: center;
  justify-content: center;
  box-sizing: content-box;
  font-weight: 500;
  font-size: 1.6rem;
  line-height: 1.125em;
  text-align: center;
  vertical-align: middle;
  border: 1px solid;
  border-radius: 0.6rem;
  cursor: pointer;
  -webkit-transition: background-color 250ms linear, border-color 250ms linear,-webkit-transform 100ms linear;
  -webkit-transition: background-color 250ms linear, border-color 250ms linear,transform 100ms linear;
  transition: background-color 250ms linear, border-color 250ms linear,transform 100ms linear;
  -webkit-appearance: none;
  -moz-appearance: none;
  appearance: none;
  height: 5.2rem;
  padding: 0 4.4rem;
  color: #fff;
  background: #f66663;
  border-color: #f66663;
  box-shadow: 0px 10px 20px rgba(246,102,99,0.26),0px 5px 7px rgba(246,102,99,0.35);
  opacity: 1;
  will-change: transform;
}

.c1:link,
.c1:visited {
  -webkit-text-decoration: none;
  text-decoration: none;
  color: #fff;
}

.c1:not([disabled]):hover,
.c1:not([disabled]):active,
.c1:not([disabled]):focus {
  opacity: 1;
  -webkit-transform: translateY(-2px);
  -ms-transform: translateY(-2px);
  transform: translateY(-2px);
  background: #f99593;
  border-color: #f99593;
}

.c1[disabled] {
  background-color: #e4e8ef;
  border-color: #e4e8ef;
  color: #9298af;
  box-shadow: none;
  cursor: not-allowed;
}

.c4 {
  display: -webkit-inline-box;
  display: -webkit-inline-flex;
  display: -ms-inline-flexbox;
  display: inline-flex;
  -webkit-align-items: center;
  -webkit-box-align: center;
  -ms-flex-align: center;
  align-items: center;
  -webkit-box-pack: center;
  -webkit-justify-content: center;
  -ms-flex-pack: center;
  justify-content: center;
  box-sizing: content-box;
  font-weight: 500;
  font-size: 1.6rem;
  line-height: 1.125em;
  text-align: center;
  vertical-align: middle;
  border: 1px solid;
  border-radius: 0.6rem;
  cursor: pointer;
  -webkit-transition: background-color 250ms linear, border-color 250ms linear,-webkit-transform 100ms linear;
  -webkit-transition: background-color 250ms linear, border-color 250ms linear,transform 100ms linear;
  transition: background-color 250ms linear, border-color 250ms linear,transform 100ms linear;
  -webkit-appearance: none;
  -moz-appearance: none;
  appearance: none;
  height: 4rem;
  padding: 0 3rem;
  color: #3e486e;
  background: #fff;
  border-color: #bbcadf;
  box-shadow: none;
  opacity: 1;
  will-change: transform;
}

.c4:link,
.c4:visited {
  -webkit-text-decoration: none;
  text-decoration: none;
  color: #3e486e;
}

.c4:not([disabled]):hover,
.c4:not([disabled]):active,
.c4:not([disabled]):focus {
  opacity: 1;
  -webkit-transform: translateY(-2px);
  -ms-transform: translateY(-2px);
  transform: translateY(-2px);
  background: #fff;
  border-color: #dee5ef;
}

.c4[disabled] {
  background-color: #e4e8ef;
  border-color: #e4e8ef;
  color: #9298af;
  box-shadow: none;
  cursor: not-allowed;
}

.c0 {
  display: -webkit-box;
  display: -webkit-flex;
  display: -ms-flexbox;
  display: flex;
  -webkit-flex-direction: row-reverse;
  -ms-flex-direction: row-reverse;
  flex-direction: row-reverse;
  -webkit-align-items: center;
  -webkit-box-align: center;
  -ms-flex-align: center;
  align-items: center;
  -webkit-box-pack: justify;
  -webkit-justify-content: space-between;
  -ms-flex-pack: justify;
  justify-content: space-between;
  margin: 5rem 0 3.2rem 0;
}

.c3 {
  width: 3rem;
  margin-left: 1rem;
}

@media (max-width:600px) {
  .c1 {
    font-size: 1.4rem;
  }
}

@media print {
  .c1 {
    display: none;
  }
}

@media (max-width:600px) {
  .c1 {
    padding: 0 3rem;
  }
}

@media (max-width:600px) {
  .c4 {
    font-size: 1.4rem;
  }
}

@media print {
  .c4 {
    display: none;
  }
}

@media (max-width:980px) {
  .c2 + .c2 {
    margin-top: 1.6rem;
  }
}

@media (max-width:980px) {
  .c0 {
    -webkit-flex-flow: column;
    -ms-flex-flow: column;
    flex-flow: column;
    -webkit-align-items: stretch;
    -webkit-box-align: stretch;
    -ms-flex-align: stretch;
    align-items: stretch;
  }
}

@media print {
  .c0 {
    display: none;
  }
}

<div>
  <div
    class="c0"
  >
    <button
      class="c1 c2 "
      disabled=""
    >
      Suivant
      <svg
        aria-hidden="true"
        class="c3"
        fill="none"
        viewBox="0 0 28 15"
      >
        <path
          d="M27.875 7.153l-6-6.284a.526.526 0 00-.711-.023.496.496 0 00-.024.688l5.204 5.468H.5c-.276 0-.5.217-.5.484s.224.483.5.483h25.844l-5.204 5.469a.493.493 0 00.024.687.52.52 0 00.711-.023l6-6.284a.506.506 0 000-.665z"
          fill="currentColor"
        />
      </svg>
    </button>
    <button
      class="c4 c2 "
      type="button"
    >
      Précédent
    </button>
  </div>
</div>
`;

exports[`<PrevNextBar /> should render only next button 1`] = `
.c1 {
  display: -webkit-inline-box;
  display: -webkit-inline-flex;
  display: -ms-inline-flexbox;
  display: inline-flex;
  -webkit-align-items: center;
  -webkit-box-align: center;
  -ms-flex-align: center;
  align-items: center;
  -webkit-box-pack: center;
  -webkit-justify-content: center;
  -ms-flex-pack: center;
  justify-content: center;
  box-sizing: content-box;
  font-weight: 500;
  font-size: 1.6rem;
  line-height: 1.125em;
  text-align: center;
  vertical-align: middle;
  border: 1px solid;
  border-radius: 0.6rem;
  cursor: pointer;
  -webkit-transition: background-color 250ms linear, border-color 250ms linear,-webkit-transform 100ms linear;
  -webkit-transition: background-color 250ms linear, border-color 250ms linear,transform 100ms linear;
  transition: background-color 250ms linear, border-color 250ms linear,transform 100ms linear;
  -webkit-appearance: none;
  -moz-appearance: none;
  appearance: none;
  height: 5.2rem;
  padding: 0 4.4rem;
  color: #fff;
  background: #f66663;
  border-color: #f66663;
  box-shadow: 0px 10px 20px rgba(246,102,99,0.26),0px 5px 7px rgba(246,102,99,0.35);
  opacity: 1;
  will-change: transform;
}

.c1:link,
.c1:visited {
  -webkit-text-decoration: none;
  text-decoration: none;
  color: #fff;
}

.c1:not([disabled]):hover,
.c1:not([disabled]):active,
.c1:not([disabled]):focus {
  opacity: 1;
  -webkit-transform: translateY(-2px);
  -ms-transform: translateY(-2px);
  transform: translateY(-2px);
  background: #f99593;
  border-color: #f99593;
}

.c1[disabled] {
  background-color: #e4e8ef;
  border-color: #e4e8ef;
  color: #9298af;
  box-shadow: none;
  cursor: not-allowed;
}

.c4 {
  display: -webkit-inline-box;
  display: -webkit-inline-flex;
  display: -ms-inline-flexbox;
  display: inline-flex;
  -webkit-align-items: center;
  -webkit-box-align: center;
  -ms-flex-align: center;
  align-items: center;
  -webkit-box-pack: center;
  -webkit-justify-content: center;
  -ms-flex-pack: center;
  justify-content: center;
  box-sizing: content-box;
  font-weight: 500;
  font-size: 1.6rem;
  line-height: 1.125em;
  text-align: center;
  vertical-align: middle;
  border: 1px solid;
  border-radius: 0.6rem;
  cursor: pointer;
  -webkit-transition: background-color 250ms linear, border-color 250ms linear,-webkit-transform 100ms linear;
  -webkit-transition: background-color 250ms linear, border-color 250ms linear,transform 100ms linear;
  transition: background-color 250ms linear, border-color 250ms linear,transform 100ms linear;
  -webkit-appearance: none;
  -moz-appearance: none;
  appearance: none;
  height: 4rem;
  padding: 0 3rem;
  color: #3e486e;
  background: #fff;
  border-color: #bbcadf;
  box-shadow: none;
  opacity: 1;
  will-change: transform;
}

.c4:link,
.c4:visited {
  -webkit-text-decoration: none;
  text-decoration: none;
  color: #3e486e;
}

.c4:not([disabled]):hover,
.c4:not([disabled]):active,
.c4:not([disabled]):focus {
  opacity: 1;
  -webkit-transform: translateY(-2px);
  -ms-transform: translateY(-2px);
  transform: translateY(-2px);
  background: #fff;
  border-color: #dee5ef;
}

.c4[disabled] {
  background-color: #e4e8ef;
  border-color: #e4e8ef;
  color: #9298af;
  box-shadow: none;
  cursor: not-allowed;
}

.c0 {
  display: -webkit-box;
  display: -webkit-flex;
  display: -ms-flexbox;
  display: flex;
  -webkit-flex-direction: row-reverse;
  -ms-flex-direction: row-reverse;
  flex-direction: row-reverse;
  -webkit-align-items: center;
  -webkit-box-align: center;
  -ms-flex-align: center;
  align-items: center;
  -webkit-box-pack: justify;
  -webkit-justify-content: space-between;
  -ms-flex-pack: justify;
  justify-content: space-between;
  margin: 5rem 0 3.2rem 0;
}

.c3 {
  width: 3rem;
  margin-left: 1rem;
}

@media (max-width:600px) {
  .c1 {
    font-size: 1.4rem;
  }
}

@media print {
  .c1 {
    display: none;
  }
}

@media (max-width:600px) {
  .c1 {
    padding: 0 3rem;
  }
}

@media (max-width:600px) {
  .c4 {
    font-size: 1.4rem;
  }
}

@media print {
  .c4 {
    display: none;
  }
}

@media (max-width:980px) {
  .c2 + .c2 {
    margin-top: 1.6rem;
  }
}

@media (max-width:980px) {
  .c0 {
    -webkit-flex-flow: column;
    -ms-flex-flow: column;
    flex-flow: column;
    -webkit-align-items: stretch;
    -webkit-box-align: stretch;
    -ms-flex-align: stretch;
    align-items: stretch;
  }
}

@media print {
  .c0 {
    display: none;
  }
}

<div>
  <div
    class="c0"
  >
    <button
      class="c1 c2 "
    >
      Suivant
      <svg
        aria-hidden="true"
        class="c3"
        fill="none"
        viewBox="0 0 28 15"
      >
        <path
          d="M27.875 7.153l-6-6.284a.526.526 0 00-.711-.023.496.496 0 00-.024.688l5.204 5.468H.5c-.276 0-.5.217-.5.484s.224.483.5.483h25.844l-5.204 5.469a.493.493 0 00.024.687.52.52 0 00.711-.023l6-6.284a.506.506 0 000-.665z"
          fill="currentColor"
        />
      </svg>
    </button>
    <button
      class="c4 c2 "
      type="button"
    >
      Précédent
    </button>
  </div>
</div>
`;

exports[`<PrevNextBar /> should render only prev button 1`] = `
.c1 {
  display: -webkit-inline-box;
  display: -webkit-inline-flex;
  display: -ms-inline-flexbox;
  display: inline-flex;
  -webkit-align-items: center;
  -webkit-box-align: center;
  -ms-flex-align: center;
  align-items: center;
  -webkit-box-pack: center;
  -webkit-justify-content: center;
  -ms-flex-pack: center;
  justify-content: center;
  box-sizing: content-box;
  font-weight: 500;
  font-size: 1.6rem;
  line-height: 1.125em;
  text-align: center;
  vertical-align: middle;
  border: 1px solid;
  border-radius: 0.6rem;
  cursor: pointer;
  -webkit-transition: background-color 250ms linear, border-color 250ms linear,-webkit-transform 100ms linear;
  -webkit-transition: background-color 250ms linear, border-color 250ms linear,transform 100ms linear;
  transition: background-color 250ms linear, border-color 250ms linear,transform 100ms linear;
  -webkit-appearance: none;
  -moz-appearance: none;
  appearance: none;
  height: 4rem;
  padding: 0 3rem;
  color: #3e486e;
  background: #fff;
  border-color: #bbcadf;
  box-shadow: none;
  opacity: 1;
  will-change: transform;
}

.c1:link,
.c1:visited {
  -webkit-text-decoration: none;
  text-decoration: none;
  color: #3e486e;
}

.c1:not([disabled]):hover,
.c1:not([disabled]):active,
.c1:not([disabled]):focus {
  opacity: 1;
  -webkit-transform: translateY(-2px);
  -ms-transform: translateY(-2px);
  transform: translateY(-2px);
  background: #fff;
  border-color: #dee5ef;
}

.c1[disabled] {
  background-color: #e4e8ef;
  border-color: #e4e8ef;
  color: #9298af;
  box-shadow: none;
  cursor: not-allowed;
}

.c0 {
  display: -webkit-box;
  display: -webkit-flex;
  display: -ms-flexbox;
  display: flex;
  -webkit-flex-direction: row-reverse;
  -ms-flex-direction: row-reverse;
  flex-direction: row-reverse;
  -webkit-align-items: center;
  -webkit-box-align: center;
  -ms-flex-align: center;
  align-items: center;
  -webkit-box-pack: justify;
  -webkit-justify-content: space-between;
  -ms-flex-pack: justify;
  justify-content: space-between;
  margin: 5rem 0 3.2rem 0;
}

@media (max-width:600px) {
  .c1 {
    font-size: 1.4rem;
  }
}

@media print {
  .c1 {
    display: none;
  }
}

@media (max-width:980px) {
  .c2 + .c2 {
    margin-top: 1.6rem;
  }
}

@media (max-width:980px) {
  .c0 {
    -webkit-flex-flow: column;
    -ms-flex-flow: column;
    flex-flow: column;
    -webkit-align-items: stretch;
    -webkit-box-align: stretch;
    -ms-flex-align: stretch;
    align-items: stretch;
  }
}

@media print {
  .c0 {
    display: none;
  }
}

<div>
  <div
    class="c0"
  >
    <button
      class="c1 c2 "
      type="button"
    >
      Précédent
    </button>
  </div>
</div>
`;
