// Jest Snapshot v1, https://goo.gl/fbAQLP

exports[`<StepList /> should render 1`] = `
<div>
  <div
    class="sc-iGgWBj sc-ktPPKK cWzIZL dhVKER"
  >
    <span
      aria-level="2"
      class="sc-YysOf tPWJY"
      role="heading"
    >
      Étape
      <span
        class="sc-cVzyXs jmCMxY"
      >
        s
      </span>
      <span
        class="sc-ePDLzJ dzQBpw"
      >
         
        2/3
      </span>
    </span>
    <ol
      class="sc-cfxfcM kMmTaI"
    >
      <li
        class="sc-bVVIoq cLsIsL"
      >
        <span
          class="sc-dPZUQH kGGuYt"
        >
          1
        </span>
        Step One
      </li>
      <li
        aria-live="polite"
        class="sc-bVVIoq jMLOxh"
        title="onglet actif"
      >
        <span
          class="sc-dPZUQH gbAXpW"
        >
          2
        </span>
        Step Two
      </li>
      <li
        class="sc-bVVIoq cLsIsL"
      >
        <span
          class="sc-dPZUQH kGGuYt"
        >
          3
        </span>
        Step Three
      </li>
    </ol>
  </div>
</div>
`;
