// Jest Snapshot v1, https://goo.gl/fbAQLP

exports[`<StepInformations /> should render 1`] = `
<div>
  <h2
    class="sc-ZqGJI dXpxHJ"
  >
    Statut du salari√©
  </h2>
  <div />
</div>
`;
