// Jest Snapshot v1, https://goo.gl/fbAQLP

exports[`<Footer /> should render 1`] = `
.c4 {
  max-width: 124rem;
  margin: 0 auto;
  padding: 0 2rem;
}

.c8 {
  max-width: 124rem;
  margin: 0 auto;
  padding: 0 2rem;
  padding: 0;
  max-width: 74rem;
}

.c2 {
  padding: 3.2rem 0;
  background-color: transparent;
  color: #3e486e;
}

.c7 {
  position: absolute;
  background-color: #7994d4;
  border-radius: 0.6rem;
  top: 0;
  left: 50%;
  width: 7rem;
  height: 0.4rem;
  -webkit-transform: translateX(-50%);
  -ms-transform: translateX(-50%);
  transform: translateX(-50%);
}

.c16 {
  position: relative;
  display: block;
  margin: 0 0 2rem 0;
  color: #2f3b6c;
  font-weight: 600;
  font-size: 1.8rem;
  font-family: "Open Sans",sans-serif;
  line-height: 1.625;
}

.c10 {
  display: -webkit-inline-box;
  display: -webkit-inline-flex;
  display: -ms-inline-flexbox;
  display: inline-flex;
  -webkit-align-items: center;
  -webkit-box-align: center;
  -ms-flex-align: center;
  align-items: center;
  -webkit-box-pack: center;
  -webkit-justify-content: center;
  -ms-flex-pack: center;
  justify-content: center;
  box-sizing: content-box;
  font-weight: 500;
  font-size: 1.6rem;
  line-height: 1.125em;
  text-align: center;
  vertical-align: middle;
  border: 1px solid;
  border-radius: 0.6rem;
  cursor: pointer;
  -webkit-transition: background-color 250ms linear, border-color 250ms linear,-webkit-transform 100ms linear;
  -webkit-transition: background-color 250ms linear, border-color 250ms linear,transform 100ms linear;
  transition: background-color 250ms linear, border-color 250ms linear,transform 100ms linear;
  -webkit-appearance: none;
  -moz-appearance: none;
  appearance: none;
  height: 5.2rem;
  padding: 0 4.4rem;
  color: #fff;
  background: #7994d4;
  border-color: #7994d4;
  box-shadow: 0px 10px 20px rgba(121,148,212,0.26),0px 5px 7px rgba(121,148,212,0.35);
  opacity: 1;
  will-change: transform;
}

.c10:link,
.c10:visited {
  -webkit-text-decoration: none;
  text-decoration: none;
  color: #fff;
}

.c10:not([disabled]):hover,
.c10:not([disabled]):active,
.c10:not([disabled]):focus {
  opacity: 1;
  -webkit-transform: translateY(-2px);
  -ms-transform: translateY(-2px);
  transform: translateY(-2px);
  background: #a0b3e0;
  border-color: #a0b3e0;
}

.c10[disabled] {
  background-color: #e4e8ef;
  border-color: #e4e8ef;
  color: #9298af;
  box-shadow: none;
  cursor: not-allowed;
}

.c20 {
  display: -webkit-inline-box;
  display: -webkit-inline-flex;
  display: -ms-inline-flexbox;
  display: inline-flex;
  -webkit-align-items: center;
  -webkit-box-align: center;
  -ms-flex-align: center;
  align-items: center;
  -webkit-box-pack: center;
  -webkit-justify-content: center;
  -ms-flex-pack: center;
  justify-content: center;
  box-sizing: content-box;
  font-weight: 500;
  font-size: 1.6rem;
  line-height: 1.125em;
  text-align: center;
  vertical-align: middle;
  border: 1px solid;
  border-radius: 0.6rem;
  cursor: pointer;
  -webkit-transition: background-color 250ms linear, border-color 250ms linear,-webkit-transform 100ms linear;
  -webkit-transition: background-color 250ms linear, border-color 250ms linear,transform 100ms linear;
  transition: background-color 250ms linear, border-color 250ms linear,transform 100ms linear;
  -webkit-appearance: none;
  -moz-appearance: none;
  appearance: none;
  padding: 0;
  color: #3e486e;
  font-weight: normal;
  font-size: 1.6rem;
  line-height: 1.625;
  vertical-align: baseline;
  -webkit-text-decoration: none;
  text-decoration: none;
  text-align: left;
  background: none;
  border: none;
  border-radius: 0;
  overflow: visible;
  -webkit-transition: color 250ms linear, text-decoration 250ms linear;
  transition: color 250ms linear, text-decoration 250ms linear;
}

.c20:focus,
.c20:hover,
.c20:active {
  color: #f66663;
}

.c17 {
  margin: 0;
  padding: 0;
  list-style-type: none;
}

.c5 {
  margin-top: 0;
  margin-bottom: 2rem;
  margin-left: auto;
  text-align: center;
}

.c6 {
  position: relative;
  margin: 0;
  color: #2f3b6c;
  font-weight: normal;
  font-size: 2.8rem;
  font-family: "Merriweather",serif;
  line-height: 1.25;
  padding-top: 1.6rem;
  text-align: center;
}

.c0 {
  width: 100%;
  padding-top: 4rem;
  overflow-x: hidden;
}

.c1 {
  position: relative;
  z-index: 1;
  margin-top: 4rem;
  padding-top: 1.6rem;
  background-color: #f2f5fa;
}

.c1:before {
  position: absolute;
  top: -27px;
  left: -50%;
  z-index: -1;
  width: 200%;
  height: 400px;
  background-color: #f2f5fa;
  border-radius: 100%;
  content: "";
}

.c3 {
  position: relative;
  padding-bottom: 7rem;
  text-align: center;
}

.c9 {
  margin-bottom: 2rem;
}

.c11 {
  width: 1.5em;
  margin-left: 1.6rem;
}

.c12 {
  padding: 5rem 0;
  background-color: #e4e8ef;
}

.c13 {
  display: -webkit-box;
  display: -webkit-flex;
  display: -ms-flexbox;
  display: flex;
  -webkit-box-pack: justify;
  -webkit-justify-content: space-between;
  -ms-flex-pack: justify;
  justify-content: space-between;
}

.c14 + .c14 {
  padding-left: 1.6rem;
}

.c15 {
  font-size: 1.6rem;
}

.c19 {
  font-weight: normal;
  -webkit-text-decoration: none;
  text-decoration: none;
  cursor: pointer;
  padding: 0.4rem 0;
  display: inline-block;
}

.c21 {
  padding: 0.4rem 0;
}

.c22 {
  display: -webkit-box;
  display: -webkit-flex;
  display: -ms-flexbox;
  display: flex;
  -webkit-flex-wrap: wrap;
  -ms-flex-wrap: wrap;
  flex-wrap: wrap;
  -webkit-align-items: center;
  -webkit-box-align: center;
  -ms-flex-align: center;
  align-items: center;
  -webkit-box-pack: center;
  -webkit-justify-content: center;
  -ms-flex-pack: center;
  justify-content: center;
  background-color: #f2f5fa;
  list-style-type: none;
  margin: 0;
  padding-bottom: 1.6rem;
}

.c23 {
  margin: 0 1rem 1rem 1rem;
}

.c24 {
  margin-bottom: 1rem;
  -webkit-user-select: none;
  -moz-user-select: none;
  -ms-user-select: none;
  user-select: none;
}

@media (max-width:600px) {
  .c4 {
    padding: 0 1rem;
  }
}

@media print {
  .c4 {
    max-width: 100%;
    padding: 0;
  }
}

@media (max-width:600px) {
  .c8 {
    padding: 0;
  }
}

@media print {
  .c8 {
    max-width: 100%;
    padding: 0;
  }
}

@media (max-width:600px) {
  .c2 {
    padding: 2.4rem 0;
  }
}

@media (max-width:600px) {
  .c16 {
    font-size: 1.6rem;
  }
}

@media (max-width:600px) {
  .c10 {
    font-size: 1.4rem;
  }
}

@media print {
  .c10 {
    display: none;
  }
}

@media (max-width:600px) {
  .c10 {
    padding: 0 3rem;
  }
}

@media (max-width:600px) {
  .c20 {
    font-size: 1.4rem;
  }
}

@media print {
  .c20 {
    display: none;
  }
}

@media (max-width:600px) {
  .c5 {
    margin-bottom: 1rem;
    margin-left: auto;
  }
}

@media (max-width:600px) {
  .c6 {
    font-size: 2.2rem;
  }
}

@media print {
  .c1 {
    display: none;
  }
}

@media (max-width:600px) {
  .c3 {
    padding-top: 0;
    padding-bottom: 4rem;
  }
}

@media (max-width:600px) {
  .c12 {
    padding-bottom: 4rem;
  }
}

@media (max-width:600px) {
  .c13 {
    -webkit-flex-direction: column;
    -ms-flex-direction: column;
    flex-direction: column;
  }
}

@media (max-width:600px) {
  .c14 + .c14 {
    padding-left: 0;
  }
}

@media (max-width:600px) {
  .c18 {
    text-align: center;
  }
}

@media (max-width:600px) {
  .c15 {
    margin-top: 1rem;
    text-align: center;
  }
}

@media (max-width:980px) {
  .c24 {
    display: none;
  }
}

<div>
  <div
    class="c0"
  >
    <footer
      class="c1"
    >
      <div
        class="c2 c3"
      >
        <div
          class="c4"
        >
          <div
            aria-level="2"
            class="c5"
            role="heading"
          >
            <p
              class="c6"
            >
              <span
                class="c7"
              />
              Besoin de plus d’informations ?
            </p>
          </div>
          <p
            class="c8 c9"
          >
            <p>
              Les services du ministère du Travail en région informent, conseillent et orientent les salariés et les employeurs du secteur privé sur leurs questions en droit du travail.
            </p>
          </div>
          <button
            class="c10"
          >
            Contacter nos services en région
            <svg
              aria-hidden="true"
              class="c11"
              fill="none"
              viewBox="0 0 28 15"
              xmlns="http://www.w3.org/2000/svg"
            >
              <path
                d="M27.875 7.153l-6-6.284a.526.526 0 00-.711-.023.496.496 0 00-.024.688l5.204 5.468H.5c-.276 0-.5.217-.5.484s.224.483.5.483h25.844l-5.204 5.469a.493.493 0 00.024.687.52.52 0 00.711-.023l6-6.284a.506.506 0 000-.665z"
                fill="currentColor"
              />
            </svg>
          </button>
        </div>
      </div>
      <div
        class="c2 c12"
      >
        <div
          class="c4 c13"
        >
          <div
            class="c14 "
          >
            <strong
              aria-level="2"
              class="c15 c16"
              role="heading"
            >
              Code du travail numérique
            </strong>
            <ul
              class="c17 c18"
            >
              <li>
                <a
                  class="c19"
                  href="/droit-du-travail"
                >
                  Le droit du travail
                </a>
              </li>
              <li>
                <a
                  class="c19"
                  href="/glossaire"
                >
                  Glossaire
                </a>
              </li>
              <li>
                <a
                  class="c19"
                  href="/a-propos"
                >
                  À propos
                </a>
              </li>
              <li>
                <a
                  class="c19"
                  href="/mentions-legales"
                >
                  Mentions légales
                </a>
              </li>
              <li>
                <a
                  class="c19"
                  href="/accessibilite"
                >
                  Accessibilité : partiellement conforme
                </a>
              </li>
              <li>
                <a
                  class="c19"
                  href="/politique-confidentialite"
                >
                  Politique de confidentialité
                </a>
              </li>
              <li>
                <a
                  class="c19"
                  href="/stats"
                >
                  Statistiques d’utilisation
                </a>
              </li>
              <li>
                <a
                  class="c19"
                  href="/integration"
                >
                  Intégrer le Code du travail numérique
                </a>
              </li>
            </ul>
          </div>
          <div
            class="c14 "
          >
            <strong
              aria-level="2"
              class="c15 c16"
              role="heading"
            >
              Aidez-nous à améliorer cet outil
            </strong>
            <ul
              class="c17 c18"
            >
              <li>
                <button
                  class="c20 c21"
                >
                  Contact
                </button>
              </li>
              <li>
                <a
                  aria-label="Contribuer sur Github (Nouvelle fenêtre)"
                  class="c19"
                  href="https://github.com/SocialGouv/code-du-travail-numerique/tree/vX.Y.Z"
                  rel="noopener noreferrer"
                  target="_blank"
                >
                  Contribuer sur Github
                </a>
              </li>
              <li>
                <a
                  aria-label="Journal des modifications (Nouvelle fenêtre)"
                  class="c19"
                  href="https://github.com/SocialGouv/code-du-travail-numerique/releases/tag/vX.Y.Z"
                  rel="noopener noreferrer"
                  target="_blank"
                >
                  Journal des modifications
                </a>
              </li>
            </ul>
          </div>
          <div
            class="c14 "
          >
            <strong
              aria-level="2"
              class="c15 c16"
              role="heading"
            >
              En collaboration avec
            </strong>
            <ul
              class="c17 c18"
            >
              <li>
                <a
                  aria-label="La Direction Générale du Travail (Nouvelle fenêtre)"
                  class="c19"
                  href="https://travail-emploi.gouv.fr/ministere/organisation/organisation-des-directions-et-services/article/organisation-de-la-direction-generale-du-travail-dgt"
                  rel="noopener noreferrer"
                  target="_blank"
                >
                  La Direction Générale du Travail
                </a>
              </li>
              <li>
                <a
                  aria-label="La fabrique des Ministères sociaux (Nouvelle fenêtre)"
                  class="c19"
                  href="https://fabrique.social.gouv.fr/"
                  rel="noopener noreferrer"
                  target="_blank"
                >
                  La fabrique des Ministères sociaux
                </a>
              </li>
              <li>
                <a
                  aria-label="beta.gouv.fr (Nouvelle fenêtre)"
                  class="c19"
                  href="https://beta.gouv.fr/"
                  rel="noopener noreferrer"
                  target="_blank"
                >
                  beta.gouv.fr
                </a>
              </li>
            </ul>
          </div>
        </div>
      </div>
      <ul
        class="c22"
      >
        <li>
          <a
            aria-label="travail-emploi.gouv.fr (Nouvelle fenêtre)"
            class="c19 c23"
            href="https://travail-emploi.gouv.fr"
            rel="noopener noreferrer"
            target="_blank"
          >
            travail-emploi.gouv.fr
          </a>
          <span
            aria-hidden="true"
            class="c24"
          >
            |
          </span>
        </li>
        <li>
          <a
            aria-label="service-public.fr (Nouvelle fenêtre)"
            class="c19 c23"
            href="https://www.service-public.fr"
            rel="noopener noreferrer"
            target="_blank"
          >
            service-public.fr
          </a>
          <span
            aria-hidden="true"
            class="c24"
          >
            |
          </span>
        </li>
        <li>
          <a
            aria-label="legifrance.gouv.fr (Nouvelle fenêtre)"
            class="c19 c23"
            href="https://www.legifrance.gouv.fr"
            rel="noopener noreferrer"
            target="_blank"
          >
            legifrance.gouv.fr
          </a>
          <span
            aria-hidden="true"
            class="c24"
          >
            |
          </span>
        </li>
        <li>
          <a
            aria-label="data.gouv.fr (Nouvelle fenêtre)"
            class="c19 c23"
            href="https://www.data.gouv.fr"
            rel="noopener noreferrer"
            target="_blank"
          >
            data.gouv.fr
          </a>
          <span
            aria-hidden="true"
            class="c24"
          >
            |
          </span>
        </li>
        <li>
          <a
            aria-label="gouvernement.fr (Nouvelle fenêtre)"
            class="c19 c23"
            href="https://www.gouvernement.fr"
            rel="noopener noreferrer"
            target="_blank"
          >
            gouvernement.fr
          </a>
          <span
            aria-hidden="true"
            class="c24"
          >
            |
          </span>
        </li>
        <li>
          <a
            aria-label="cnil.fr (Nouvelle fenêtre)"
            class="c19 c23"
            href="https://www.cnil.fr/"
            rel="noopener noreferrer"
            target="_blank"
          >
            cnil.fr
          </a>
        </li>
      </ul>
    </footer>
  </div>
</div>
`;
