// Jest Snapshot v1, https://goo.gl/fbAQLP

exports[`<SansIndemniteLicenciement /> should render 1`] = `
.c0 {
  max-width: 124rem;
  margin: 0 auto;
  padding: 0 2rem;
}

.c3 {
  position: absolute;
  background-color: #7994d4;
  border-radius: 0.6rem;
  top: 50%;
  left: 0;
  width: 0.4rem;
  height: 100%;
  -webkit-transform: translateY(-50%);
  -ms-transform: translateY(-50%);
  transform: translateY(-50%);
}

.c1 {
  margin-top: 3.2rem;
  margin-bottom: 2rem;
  margin-left: auto;
  text-align: left;
}

.c2 {
  position: relative;
  margin: 0;
  color: #2f3b6c;
  font-weight: normal;
  font-size: 2.8rem;
  font-family: "Merriweather",serif;
  line-height: 1.25;
  padding-left: 3.2rem;
  text-align: left;
}

.c4 {
  margin-top: 3.2rem;
  margin-bottom: 1rem;
  color: #4d73b8;
  font-weight: 600;
  font-size: 1.8rem;
  font-family: "Open Sans",sans-serif;
}

.c5 {
  color: #f66663;
  font-weight: 700;
  font-size: 1.8rem;
  white-space: pre-line;
}

.c6 {
  font-size: 1.5em;
}

@media (max-width:600px) {
  .c0 {
    padding: 0 1rem;
  }
}

@media print {
  .c0 {
    max-width: 100%;
    padding: 0;
  }
}

@media (max-width:600px) {
  .c1 {
    margin-bottom: 1rem;
    margin-left: auto;
  }
}

@media (max-width:600px) {
  .c2 {
    padding-left: 1.6rem;
  }
}

@media (max-width:600px) {
  .c2 {
    font-size: 2.2rem;
  }
}

@media (max-width:600px) {
  .c5 {
    font-size: 1.6rem;
  }
}

<div>
  <div
    class="c0"
  >
    <div
      class="c1"
    >
      <h3
        class="c2"
      >
        <span
          class="c3"
        />
        Convention collective nationale de l’Animation
      </h3>
    </div>
    <p>
      Pour cette branche, le calcul de l’indemnité de licenciement se base sur l’indemnité légale de licenciement.
    </p>
    <h2
      class="c4"
    >
      Indemnité légale
    </h2>
    <p>
      Le code du travail prévoit un montant minimum de :
       
      <strong
        class="c5 c6"
      >
        0
         € brut.
      </strong>
       
    </p>
  </div>
</div>
`;
