// Jest Snapshot v1, https://goo.gl/fbAQLP

exports[`<StepCTT /> should render 1`] = `
.c1 {
  color: #3e486e;
  font-size: 1.6rem;
  font-weight: 400;
}

.c5 {
  display: -webkit-box;
  display: -webkit-flex;
  display: -ms-flexbox;
  display: flex;
  font-size: 1.6rem;
  cursor: pointer;
}

.c3 {
  display: -webkit-box;
  display: -webkit-flex;
  display: -ms-flexbox;
  display: flex;
  -webkit-flex-direction: row;
  -ms-flex-direction: row;
  flex-direction: row;
}

.c4 {
  position: relative;
  display: inline-block;
  -webkit-flex-shrink: 0;
  -ms-flex-negative: 0;
  flex-shrink: 0;
  width: calc(1.6rem * 1.25);
  height: calc(1.6rem * 1.25);
  margin: calc(1.6rem / 5) calc(2 * 1.6rem / 3) 0 0;
  padding: 0;
  line-height: inherit;
  background: #fff;
  border: 1px solid #bbcadf;
  border-radius: 50%;
  box-shadow: none;
  cursor: pointer;
  -webkit-appearance: none;
  -moz-appearance: none;
  appearance: none;
}

.c4:before {
  position: absolute;
  top: 50%;
  left: 50%;
  display: none;
  width: calc(1.6rem / 1.5);
  height: calc(1.6rem / 1.5);
  background-color: #f66663;
  border-radius: 50%;
  -webkit-transform: translate(-50%,-50%);
  -ms-transform: translate(-50%,-50%);
  transform: translate(-50%,-50%);
  content: "";
}

.c4:checked {
  background-color: #fff;
  border-color: #f66663;
}

.c4:checked:before {
  display: block;
}

.c0 {
  display: inline-block;
  margin-top: 2rem;
  margin-bottom: 1rem;
  font-size: 1.8rem;
  font-weight: 600;
  cursor: pointer;
}

.c2 {
  display: -webkit-box;
  display: -webkit-flex;
  display: -ms-flexbox;
  display: flex;
  -webkit-flex-direction: column;
  -ms-flex-direction: column;
  flex-direction: column;
  -webkit-align-items: flex-start;
  -webkit-box-align: flex-start;
  -ms-flex-align: flex-start;
  align-items: flex-start;
  -webkit-box-pack: start;
  -webkit-justify-content: flex-start;
  -ms-flex-pack: start;
  justify-content: flex-start;
  margin-bottom: 2rem;
}

@media (max-width:600px) {
  .c0 {
    font-size: 1.6rem;
  }
}

<div>
  <form>
    <label
      class="c0"
    >
      S’agit-il d’un contrat de mission-formation ?
      <span
        class="c1"
      >
         (obligatoire)
      </span>
    </label>
    <div
      class="c2"
      data-testid="cttFormation"
    >
      <div
        class="c3"
      >
        <input
          class="c4"
          id="cttFormation-oui"
          name="cttFormation"
          type="radio"
          value="true"
        />
        <label
          class="c5"
          for="cttFormation-oui"
        >
          Oui
        </label>
      </div>
      <div
        class="c3"
      >
        <input
          class="c4"
          id="cttFormation-non"
          name="cttFormation"
          type="radio"
          value="false"
        />
        <label
          class="c5"
          for="cttFormation-non"
        >
          Non
        </label>
      </div>
    </div>
    <label
      class="c0"
    >
      Le contrat d'intérim a-t-il été rompu avant la fin prévue pour une des raisons suivantes : la propre initiative du salarié, la faute grave du salarié, cas de force majeure ?
      <span
        class="c1"
      >
         (obligatoire)
      </span>
    </label>
    <div
      class="c2"
      data-testid="ruptureContratFauteGrave"
    >
      <div
        class="c3"
      >
        <input
          class="c4"
          id="ruptureContratFauteGrave-oui"
          name="ruptureContratFauteGrave"
          type="radio"
          value="true"
        />
        <label
          class="c5"
          for="ruptureContratFauteGrave-oui"
        >
          Oui
        </label>
      </div>
      <div
        class="c3"
      >
        <input
          class="c4"
          id="ruptureContratFauteGrave-non"
          name="ruptureContratFauteGrave"
          type="radio"
          value="false"
        />
        <label
          class="c5"
          for="ruptureContratFauteGrave-non"
        >
          Non
        </label>
      </div>
    </div>
    <label
      class="c0"
    >
      À la fin du contrat d'intérim, le salarié a-t-il été immédiatement embauché en CDI au sein de l'entreprise dans laquelle il effectuait sa mission ?
      <span
        class="c1"
      >
         (obligatoire)
      </span>
    </label>
    <div
      class="c2"
      data-testid="propositionCDIFinContrat"
    >
      <div
        class="c3"
      >
        <input
          class="c4"
          id="propositionCDIFinContrat-oui"
          name="propositionCDIFinContrat"
          type="radio"
          value="true"
        />
        <label
          class="c5"
          for="propositionCDIFinContrat-oui"
        >
          Oui
        </label>
      </div>
      <div
        class="c3"
      >
        <input
          class="c4"
          id="propositionCDIFinContrat-non"
          name="propositionCDIFinContrat"
          type="radio"
          value="false"
        />
        <label
          class="c5"
          for="propositionCDIFinContrat-non"
        >
          Non
        </label>
      </div>
    </div>
    <label
      class="c0"
    >
      Le salarié a-t-il refusé la mise en œuvre de la souplesse prévue dans le contrat d’intérim ?
      <span
        class="c1"
      >
         (obligatoire)
      </span>
    </label>
    <div
      class="c2"
      data-testid="refusSouplesse"
    >
      <div
        class="c3"
      >
        <input
          class="c4"
          id="refusSouplesse-oui"
          name="refusSouplesse"
          type="radio"
          value="true"
        />
        <label
          class="c5"
          for="refusSouplesse-oui"
        >
          Oui
        </label>
      </div>
      <div
        class="c3"
      >
        <input
          class="c4"
          id="refusSouplesse-non"
          name="refusSouplesse"
          type="radio"
          value="false"
        />
        <label
          class="c5"
          for="refusSouplesse-non"
        >
          Non
        </label>
      </div>
    </div>
    <button
      data-testid="nextBt"
    >
      suivant
    </button>
  </form>
</div>
`;
