// Jest Snapshot v1, https://goo.gl/fbAQLP

exports[`<ViewMore /> renders with an button 1`] = `
<div>
  <ul
    class="sc-gEvEer XmUlL"
  >
    <li>
      <a
        href="/"
      >
        data-1
      </a>
    </li>
    <li>
      <a
        href="/"
      >
        data-2
      </a>
    </li>
    <li>
      <a
        href="/"
      >
        data-3
      </a>
    </li>
    <li>
      <a
        href="/"
      >
        data-4
      </a>
    </li>
    <li>
      <a
        href="/"
      >
        data-5
      </a>
    </li>
    <li>
      <a
        href="/"
      >
        data-6
      </a>
    </li>
    <li>
      <a
        href="/"
      >
        data-7
      </a>
    </li>
  </ul>
  <div
    class="sc-eqUAAy eciJos"
  >
    <button
      class="sc-aXZVg qyujw sc-fqkvVR fWqitW"
      type="button"
    >
      Voir plus
    </button>
  </div>
</div>
`;
