// Jest Snapshot v1, https://goo.gl/fbAQLP

exports[`<ConventionModal /> should render 1`] = `
<div>
  <button
    data-testid="bt"
  >
    voir les conventions
  </button>
</div>
`;

exports[`<ConventionModal /> should render a popup when click on button 1`] = `
<body>
  <div
    aria-hidden="true"
  >
    <button
      data-testid="bt"
    >
      voir les conventions
    </button>
  </div>
  <reach-portal>
    <div
      data-focus-guard="true"
      style="width: 1px; height: 0px; padding: 0px; overflow: hidden; position: fixed; top: 1px; left: 1px;"
      tabindex="0"
    />
    <div
      data-focus-guard="true"
      style="width: 1px; height: 0px; padding: 0px; overflow: hidden; position: fixed; top: 1px; left: 1px;"
      tabindex="1"
    />
    <div
      data-focus-lock-disabled="false"
    >
      <div>
        <div
          class="sc-FRrlG hNWtxs"
          data-reach-dialog-overlay=""
        >
          <div
            aria-label="Rechercher votre convention collective"
            aria-modal="true"
            class="sc-fXazdy lhbBKM"
            data-reach-dialog-content=""
            role="dialog"
            tabindex="-1"
          >
            <label
              class="sc-dTSzeu btJghr"
              for="convention-search"
            >
              Renseignez le nom de votre convention collective, le nom de votre entreprise ou son SIRET.
            </label>
            <span
              class="sc-bQCEYZ iOBpgY sc-jLqRGG jXoiKy"
            >
              <input
                class="sc-fXgAZx esWNAb"
                id="convention-search"
                name="q"
                placeholder="Nom de la convention collective, de l’entreprise ou son SIRET"
                type="search"
                value=""
              />
            </span>
            
            <p
              class="sc-bUQyIj eqjFlE"
            >
              Vous ne connaissez pas ou ne trouvez pas votre convention collective ?
              <span
                class="sc-tsGVs cQiTYY"
              >
                Consultez
                 
                <button
                  class="sc-hiKfDv eWfpdP sc-dSnXvR fivlYt"
                  type="button"
                >
                  notre aide
                </button>
                .
              </span>
            </p>
            <button
              class="sc-hiKfDv dNqnKz sc-dvXYtj kMeFfA"
              title="fermer la modale"
            >
              <div
                class="sc-gXfVKN gNNUJi"
              >
                fermer la modale
              </div>
              <svg
                aria-hidden="true"
                fill="none"
                height="24"
                stroke="currentColor"
                stroke-linecap="round"
                stroke-linejoin="round"
                stroke-width="2"
                viewBox="0 0 24 24"
                width="24"
                xmlns="http://www.w3.org/2000/svg"
              >
                <line
                  x1="18"
                  x2="6"
                  y1="6"
                  y2="18"
                />
                <line
                  x1="6"
                  x2="18"
                  y1="6"
                  y2="18"
                />
              </svg>
            </button>
          </div>
        </div>
      </div>
    </div>
    <div
      data-focus-guard="true"
      style="width: 1px; height: 0px; padding: 0px; overflow: hidden; position: fixed; top: 1px; left: 1px;"
      tabindex="0"
    />
  </reach-portal>
</body>
`;
