// Jest Snapshot v1, https://goo.gl/fbAQLP

exports[`<StepInformations /> should render 1`] = `
.c0 {
  margin-top: 3.2rem;
  margin-bottom: 2rem;
  color: #4d73b8;
  font-weight: 600;
  font-size: 1.8rem;
  font-family: "Open Sans",sans-serif;
}

<div>
  <h2
    class="c0"
  >
    Statut du salarié
  </h2>
</div>
`;

exports[`<StepInformations /> should render catégorie professionelle 1`] = `
.c4 {
  color: #3e486e;
  line-height: 1.25;
  font-size: 1.6rem;
  font-weight: 400;
}

.c5 {
  position: relative;
  display: -webkit-inline-box;
  display: -webkit-inline-flex;
  display: -ms-inline-flexbox;
  display: inline-flex;
  -webkit-flex: 1 1 auto;
  -ms-flex: 1 1 auto;
  flex: 1 1 auto;
  -webkit-align-items: center;
  -webkit-box-align: center;
  -ms-flex-align: center;
  align-items: center;
  -webkit-box-pack: start;
  -webkit-justify-content: flex-start;
  -ms-flex-pack: start;
  justify-content: flex-start;
  text-align: center;
}

.c8 {
  position: absolute;
  top: 1.6rem;
  right: 1.6rem;
  width: 1.6rem;
  height: 1.6rem;
  color: #f66663;
  pointer-events: none;
}

.c7 {
  width: 100%;
  height: 5.4rem;
  padding: 0 2rem 0;
  padding-right: 5rem;
  color: #3e486e;
  font-size: 1.6rem;
  font-family: "Open Sans",sans-serif;
  vertical-align: middle;
  background-color: #fff;
  border: none;
  border-radius: 0.6rem;
  box-shadow: 0 1rem 2rem rgba(121,148,212,0.2);
  cursor: pointer;
  -webkit-transition: border-color 250ms ease;
  transition: border-color 250ms ease;
  -webkit-appearance: none;
  -moz-appearance: none;
  appearance: none;
}

.c7::-ms-expand {
  background-color: transparent;
  border: 0 transparent;
}

.c7 *::-ms-backdrop,
.c7 {
  padding-right: 1.6rem;
}

.c7:invalid {
  border-color: #eb5757;
}

.c7:disabled {
  background-color: #e4e8ef;
}

.c2 {
  display: -webkit-box;
  display: -webkit-flex;
  display: -ms-flexbox;
  display: flex;
  -webkit-flex-direction: row;
  -ms-flex-direction: row;
  flex-direction: row;
  -webkit-align-items: center;
  -webkit-box-align: center;
  -ms-flex-align: center;
  align-items: center;
  margin-top: 2rem;
  margin-bottom: 1rem;
  position: relative;
}

.c3 {
  font-size: 1.8rem;
  font-weight: 600;
  margin: 0;
}

.c6 {
  width: 40rem;
}

.c1 {
  margin-bottom: 3.2rem;
}

.c0 {
  margin-top: 3.2rem;
  margin-bottom: 2rem;
  color: #4d73b8;
  font-weight: 600;
  font-size: 1.8rem;
  font-family: "Open Sans",sans-serif;
}

@media (max-width:600px) {
  .c5 {
    width: 100%;
  }
}

@media (max-width:600px) {
  .c3 {
    font-size: 1.6rem;
  }
}

@media (max-width:600px) {
  .c6 {
    width: 100%;
  }
}

<div>
  <h2
    class="c0"
  >
    Statut du salarié
  </h2>
  <div
    class="c1"
  >
    <div>
      <div
        class="c2"
      >
        <label
          class="c3"
          for="input-criteria.catégorie professionnelle"
        >
          Quelle est la catégorie professionnelle du salarié ?
           
          <span
            class="c4"
          >
             (obligatoire)
          </span>
        </label>
      </div>
    </div>
    <div
      class="c5 c6"
    >
      <select
        class="c7"
        id="input-criteria.catégorie professionnelle"
        name="criteria.catégorie professionnelle"
      >
        <option
          disabled=""
          value=""
        >
          ...
        </option>
        <option
          value="6| Ouvriers, Employés"
        >
          Ouvriers, Employés
        </option>
        <option
          value="23| Agents de maîtrise"
        >
          Agents de maîtrise
        </option>
        <option
          value="28| Techniciens"
        >
          Techniciens
        </option>
        <option
          value="60| Ingénieurs, Cadres"
        >
          Ingénieurs, Cadres
        </option>
      </select>
      <div
        aria-hidden="true"
        class="c8"
      >
        <svg
          aria-hidden="true"
          fill="none"
          viewBox="0 0 16 16"
          xmlns="http://www.w3.org/2000/svg"
        >
          <g
            clip-path="url(#arrow-down_svg__clip0)"
          >
            <path
              d="M8.425 11.573l7.11-6.072a.709.709 0 00.26-.537.709.709 0 00-.26-.537.973.973 0 00-.629-.223.973.973 0 00-.63.223l-6.48 5.536-6.481-5.536a.973.973 0 00-.63-.223.973.973 0 00-.628.223.708.708 0 00-.261.537c0 .202.094.395.26.537l7.11 6.072a.91.91 0 00.29.165 1.021 1.021 0 00.68 0 .91.91 0 00.29-.165z"
              fill="currentColor"
            />
          </g>
          <defs>
            <clippath
              id="arrow-down_svg__clip0"
            >
              <path
                d="M0 0h16v16H0z"
                fill="currentColor"
              />
            </clippath>
          </defs>
        </svg>
      </div>
    </div>
  </div>
</div>
`;

exports[`<StepInformations /> should render groupe 1`] = `
.c0 {
  margin-top: 3.2rem;
  margin-bottom: 2rem;
  color: #4d73b8;
  font-weight: 600;
  font-size: 1.8rem;
  font-family: "Open Sans",sans-serif;
}

<div>
  <h2
    class="c0"
  >
    Statut du salarié
  </h2>
</div>
`;
