// Jest Snapshot v1, https://goo.gl/fbAQLP

exports[`Modeles should return all modeles 1`] = `
[
  {
    "slug": "demande-de-rendez-vous-en-vue-dune-rupture-conventionnelle",
    "title": "Demande de rendez-vous en vue d’une rupture conventionnelle",
  },
  {
    "slug": "rupture-de-periode-dessai-a-linitiative-de-lemployeur",
    "title": "Rupture de période d’essai à l’initiative de l’employeur",
  },
  {
    "slug": "certificat-de-travail",
    "title": "Certificat de travail",
  },
]
`;
