// Jest Snapshot v1, https://goo.gl/fbAQLP

exports[`<Home /> should match snapshot 1`] = `
<div>
  <div
    class="fr-grid-row"
  >
    <div
      class="fr-col-12"
    >
      <div
        class="bg_var(--blue-cumulus-925-125)"
      >
        <div
          class="fr-container fr-py-6w"
        >
          <div
            class="fr-grid-row fr-grid-row--gutters fr-grid-row--middle"
          >
            <div
              class="fr-col-12 fr-col-md-7"
            >
              <h1
                class="fr-mb-2w fr-text--lead fr-text--bold"
              >
                Bienvenue sur
                 
                <span
                  class="fr-mt-2w fr-mb-0 fr-h1 d_block"
                >
                  le Code du travail numérique
                </span>
              </h1>
              <h2
                class="fr-text--lead fr-text--bold fr-mb-6w"
              >
                Obtenez les réponses à vos questions sur le droit du travail.
              </h2>
              <form
                class="fr-grid-row fr-grid-row--gutters fr-grid-row--bottom"
                role="search"
              >
                <div
                  class="fr-col-12 fr-col-md-8"
                >
                  <div
                    class="d_flex flex-d_row ai_center w_100% pos_relative"
                  >
                    <div
                      class="fr-input-group w_100% fr-mb-0"
                    >
                      <label
                        class="fr-label"
                        for="downshift-0-input"
                        id="downshift-0-label"
                      >
                        Recherchez par mots-clés
                        <span
                          class="fr-sr-only"
                        >
                          , la sélection d'une option charge une nouvelle page
                        </span>
                        <span
                          class="fr-hint-text"
                        >
                          par exemple : congés payés, durée de préavis
                        </span>
                      </label>
                      <div
                        class="fr-input-wrap fr-input-wrap--addon"
                      >
                        <input
                          aria-autocomplete="list"
                          aria-expanded="false"
                          autocomplete="off"
                          class="fr-input"
                          data-testid="search-input"
                          id="downshift-0-input"
                          role="combobox"
                          type="text"
                          value=""
                        />
                        <div
                          class="pos_absolute right_0 h_100% ac_center"
                        />
                      </div>
                      <div
                        aria-live="polite"
                        class="fr-messages-group"
                        id="downshift-0-input-messages-group"
                      />
                    </div>
                    <ul
                      aria-labelledby="downshift-0-label"
                      class="fr-p-0 fr-m-0 pos_absolute top_100% left_0 w_100% z_1000 bg_var(--background-default-grey) li-t_none! bd-t_none bx-sh_0_4px_8px_rgba(0,_0,_0,_0.1) max-h_300px ov-y_auto "
                      id="downshift-0-menu"
                      role="listbox"
                    />
                  </div>
                </div>
                <div
                  class="fr-col-12 fr-col-md-4"
                >
                  <button
                    aria-label="Lancer la recherche"
                    class="fr-btn fr-icon-search-line fr-btn--icon-right mdDown:w_100%! mdDown:jc_center!"
                    id="fr-button-«r1»"
                    type="submit"
                  >
                    Rechercher
                  </button>
                </div>
              </form>
            </div>
            <div
              class="fr-col-md-5 fr-col-12"
            >
              <img
                alt=""
                data-nimg="1"
                decoding="async"
                height="331"
                sizes="(max-width: 768px) 378px, 486px"
                src="/_next/image?url=%2Fimg.jpg&w=3840&q=75"
                srcset="/_next/image?url=%2Fimg.jpg&w=16&q=75 16w, /_next/image?url=%2Fimg.jpg&w=32&q=75 32w, /_next/image?url=%2Fimg.jpg&w=48&q=75 48w, /_next/image?url=%2Fimg.jpg&w=64&q=75 64w, /_next/image?url=%2Fimg.jpg&w=96&q=75 96w, /_next/image?url=%2Fimg.jpg&w=128&q=75 128w, /_next/image?url=%2Fimg.jpg&w=256&q=75 256w, /_next/image?url=%2Fimg.jpg&w=384&q=75 384w, /_next/image?url=%2Fimg.jpg&w=640&q=75 640w, /_next/image?url=%2Fimg.jpg&w=750&q=75 750w, /_next/image?url=%2Fimg.jpg&w=828&q=75 828w, /_next/image?url=%2Fimg.jpg&w=1080&q=75 1080w, /_next/image?url=%2Fimg.jpg&w=1200&q=75 1200w, /_next/image?url=%2Fimg.jpg&w=1920&q=75 1920w, /_next/image?url=%2Fimg.jpg&w=2048&q=75 2048w, /_next/image?url=%2Fimg.jpg&w=3840&q=75 3840w"
                style="color: transparent; width: 100%; height: auto;"
                width="486"
              />
            </div>
          </div>
        </div>
      </div>
      <div
        id="home-highlights"
      >
        <div
          class="fr-my-8w fr-container"
        >
          <h2
            class="fr-mb-3v"
          >
            À la une
          </h2>
          <div
            class="fr-grid-row fr-grid-row--gutters fr-grid-row--right"
          >
            <div
              class="fr-col-12 fr-col-md-6 fr-col-lg-6"
            >
              <div
                class="fr-card fr-enlarge-link fr-card--horizontal"
                id="fr-card-«r2»"
              >
                <div
                  class="fr-card__body"
                >
                  <div
                    class="fr-card__content"
                  >
                    <h3
                      class="fr-card__title"
                    >
                      <a
                        class=""
                        href="https://example.com/highlight"
                      >
                        Highlight Title
                      </a>
                    </h3>
                    <p
                      class="fr-card__desc"
                    >
                      Highlight description
                    </p>
                    <div
                      class="fr-card__start fr-mb-2w"
                    >
                      <p
                        class="fr-tag fr-tag--sm"
                      >
                        light
                      </p>
                    </div>
                    <div
                      class="fr-card__end fr-text--xs"
                    >
                      <p
                        class="fr-m-0 fr-text--xs"
                      >
                        Consulter
                      </p>
                    </div>
                  </div>
                </div>
              </div>
            </div>
          </div>
        </div>
      </div>
      <div
        class="bg_var(--background-alt-blue-cumulus)"
        id="home-outils"
      >
        <div
          class="fr-my-8w fr-container fr-py-6w"
        >
          <h2>
            Boîte à outils
          </h2>
          <p
            class="fr-text--xl"
          >
            Trouvez des réponses personnalisées selon votre situation
          </p>
          <div
            class="fr-grid-row fr-grid-row--gutters fr-grid-row--right"
          >
            <div
              class="fr-col-12 fr-col-sm-6 fr-col-md-6 fr-col-lg-3"
            >
              <div
                class="fr-tile fr-enlarge-link fr-tile--vertical"
                id="fr-tile-«r3»"
              >
                <div
                  class="fr-tile__body"
                >
                  <div
                    class="fr-tile__content"
                  >
                    <h3
                      class="fr-tile__title"
                    >
                      <a
                        aria-disabled="false"
                        class=""
                        href="https://example.com/tool"
                      >
                        Tool Title
                      </a>
                    </h3>
                    <div
                      class="fr-tile__desc"
                    >
                      <p>
                        Tool description
                      </p>
                    </div>
                  </div>
                </div>
                <div
                  class="fr-tile__header"
                >
                  <div
                    class="fr-tile__img fr-mb-0"
                  >
                    <img
                      alt=""
                      class="fr-responsive-img"
                      height="80"
                      src="/static/assets/icons/tools/tool-icon.svg"
                      width="80"
                    />
                  </div>
                </div>
              </div>
            </div>
          </div>
          <div
            class="fr-mt-3w d_flex jc_center"
          >
            <a
              class="fr-btn fr-btn--secondary fr-btn--lg fr-icon-arrow-right-line fr-btn--icon-right"
              href="/outils"
              id="fr-button-«r4»"
            >
              Voir tous les outils
            </a>
          </div>
        </div>
      </div>
      <div
        id="home-modeles-de-courriers"
      >
        <div
          class="fr-my-8w fr-container"
        >
          <h2>
            Modèles de documents
          </h2>
          <p
            class="fr-text--xl"
          >
            Téléchargez et personnalisez les modèles de documents et de lettres pour vos démarches en lien avec le droit du travail
          </p>
          <div
            class="fr-grid-row fr-grid-row--gutters fr-grid-row--right"
          >
            <div
              class="fr-col-12 fr-col-md-6 fr-col-lg-6"
            >
              <div
                class="fr-card fr-enlarge-link fr-card--horizontal"
                id="fr-card-«r5»"
              >
                <div
                  class="fr-card__body"
                >
                  <div
                    class="fr-card__content"
                  >
                    <h3
                      class="fr-card__title"
                    >
                      <a
                        class=""
                        href="https://example.com/model"
                      >
                        Model Title
                      </a>
                    </h3>
                    <p
                      class="fr-card__desc"
                    >
                      Model description
                    </p>
                    <div
                      class="fr-card__start fr-mb-2w"
                    >
                      <p
                        class="fr-tag fr-tag--sm"
                      >
                        dark
                      </p>
                    </div>
                    <div
                      class="fr-card__end fr-text--xs"
                    >
                      <p
                        class="fr-m-0 fr-text--xs"
                      >
                        Consulter
                      </p>
                    </div>
                  </div>
                </div>
              </div>
            </div>
          </div>
          <div
            class="fr-mt-3w d_flex jc_center"
          >
            <a
              class="fr-btn fr-btn--secondary fr-btn--lg fr-icon-arrow-right-line fr-btn--icon-right"
              href="/modeles-de-courriers"
              id="fr-button-«r6»"
            >
              Voir tous les modèles de documents
            </a>
          </div>
        </div>
      </div>
      <div
        id="home-fiches-pratiques"
      >
        <div
          class="fr-my-8w fr-container"
        >
          <h2>
            Vos fiches pratiques
          </h2>
          <p
            class="fr-text--xl"
          >
            Obtenez une réponse personnalisée selon votre convention collective
          </p>
          <div
            class="fr-grid-row fr-grid-row--gutters fr-grid-row--right"
          >
            <div
              class="fr-col-12 fr-col-md-6 fr-col-lg-6"
            >
              <div
                class="fr-card fr-enlarge-link fr-card--horizontal"
                id="fr-card-«r7»"
              >
                <div
                  class="fr-card__body"
                >
                  <div
                    class="fr-card__content"
                  >
                    <h3
                      class="fr-card__title"
                    >
                      <a
                        class=""
                        href="https://example.com/contribution"
                      >
                        Contribution Title
                      </a>
                    </h3>
                    <p
                      class="fr-card__desc"
                    >
                      Contribution description
                    </p>
                    <div
                      class="fr-card__start fr-mb-2w"
                    >
                      <p
                        class="fr-tag fr-tag--sm"
                      >
                        light
                      </p>
                    </div>
                    <div
                      class="fr-card__end fr-text--xs"
                    >
                      <p
                        class="fr-m-0 fr-text--xs"
                      >
                        Consulter
                      </p>
                    </div>
                  </div>
                </div>
              </div>
            </div>
          </div>
          <div
            class="fr-mt-3w d_flex jc_center"
          >
            <a
              class="fr-btn fr-btn--secondary fr-btn--lg fr-icon-arrow-right-line fr-btn--icon-right"
              href="/contribution"
              id="fr-button-«r8»"
            >
              Voir toutes les fiches pratiques
            </a>
          </div>
        </div>
      </div>
      <div
        class="bg_var(--background-alt-blue-cumulus)"
        id="home-convention-collective"
      >
        <div
          class="fr-my-8w fr-container fr-py-6w"
        >
          <h2>
            Votre convention collective
          </h2>
          <p
            class="fr-text--xl"
          >
            Retrouvez les questions-réponses fréquentes organisées par thème pour votre convention collective
          </p>
          <div
            class="fr-grid-row fr-grid-row--gutters fr-grid-row--right"
          >
            <div
              class="fr-col-12 fr-col-md-6 fr-col-lg-3"
            >
              <div
                class="fr-card fr-enlarge-link fr-card--horizontal"
                id="fr-card-«r9»"
              >
                <div
                  class="fr-card__body"
                >
                  <div
                    class="fr-card__content"
                  >
                    <h3
                      class="fr-card__title"
                    >
                      <a
                        class=""
                        href="https://example.com/agreement"
                      >
                        Agreement Title
                      </a>
                    </h3>
                    <p
                      class="fr-card__desc"
                    >
                      Agreement description
                    </p>
                    <div
                      class="fr-card__start fr-mb-2w"
                    >
                      <p
                        class="fr-tag fr-tag--sm"
                      >
                        dark
                      </p>
                    </div>
                    <div
                      class="fr-card__end fr-text--xs"
                    >
                      <p
                        class="fr-m-0 fr-text--xs"
                      >
                        Consulter
                      </p>
                    </div>
                  </div>
                </div>
              </div>
            </div>
          </div>
          <div
            class="fr-mt-3w d_flex jc_center"
          >
            <a
              class="fr-btn fr-btn--secondary fr-btn--lg fr-icon-arrow-right-line fr-btn--icon-right"
              href="/convention-collective"
              id="fr-button-«ra»"
            >
              Voir toutes les conventions collectives
            </a>
          </div>
        </div>
      </div>
      <div
        id="home-themes"
      >
        <div
          class="fr-my-8w fr-container"
        >
          <h2>
            Thèmes
          </h2>
          <p
            class="fr-text--xl"
          >
            Retrouvez tous nos contenus organisés par thèmes
          </p>
          <ul
            class="fr-grid-row fr-grid-row--gutters fr-grid-row--right"
          >
            <li
              class="fr-col-4 fr-hidden fr-unhidden-lg li-s_none!"
            >
              <img
                alt=""
                data-nimg="1"
                decoding="async"
                height="233"
                loading="lazy"
                src="/_next/image?url=%2Fimg.jpg&w=828&q=75"
                srcset="/_next/image?url=%2Fimg.jpg&w=384&q=75 1x, /_next/image?url=%2Fimg.jpg&w=828&q=75 2x"
                style="color: transparent;"
                width="384"
              />
            </li>
            <li
              class="fr-col-12 fr-col-sm-6 fr-col-md-4 fr-col-lg-2 li-s_none!"
            >
              <div
                class="fr-tile fr-enlarge-link fr-tile--no-icon fr-tile--sm"
              >
                <p
                  class="fr-tile__title"
                >
                  <a
                    href="https://example.com/theme"
                  >
                    Theme Title
                  </a>
                </p>
                <div
                  class="fr-tile__img"
                >
                  <img
                    alt=""
                    data-nimg="1"
                    decoding="async"
                    height="56"
                    loading="lazy"
                    src="/static/assets/icons/themes/theme-icon.svg"
                    style="color: transparent;"
                    width="56"
                  />
                </div>
              </div>
            </li>
          </ul>
          <div
            class="fr-mt-3w d_flex jc_center"
          >
            <a
              class="fr-btn fr-btn--secondary fr-btn--lg fr-icon-arrow-right-line fr-btn--icon-right"
              href="/themes"
              id="fr-button-«rb»"
            >
              Voir tous les thèmes
            </a>
          </div>
        </div>
      </div>
    </div>
  </div>
</div>
`;
