// Jest Snapshot v1, https://goo.gl/fbAQLP

exports[`BurgerStyles renders 1`] = `
<div>
  <button
    aria-label="menu principal"
    class="sc-aXZVg fayrVA sc-fqkvVR idbyNV"
  >
    <svg
      aria-hidden="true"
      class="sc-dcJsrY iVptCR"
      fill="none"
      viewBox="0 0 32 32"
      xmlns="http://www.w3.org/2000/svg"
    >
      <path
        clip-rule="evenodd"
        d="M7 11a1 1 0 0 1 1-1h16a1 1 0 1 1 0 2H8a1 1 0 0 1-1-1zm0 5a1 1 0 0 1 1-1h16a1 1 0 1 1 0 2H8a1 1 0 0 1-1-1zm1 4a1 1 0 1 0 0 2h16a1 1 0 1 0 0-2H8z"
        fill="currentColor"
        fill-rule="evenodd"
      />
    </svg>
  </button>
</div>
`;
