// Jest Snapshot v1, https://goo.gl/fbAQLP

exports[`IDCC return idcc for number 27 1`] = `undefined`;

exports[`IDCC return idcc results for boulangerie 1`] = `undefined`;

exports[`IDCC return idcc results for pati 1`] = `undefined`;

exports[`IDCC return idcc results in correct order for banque 1`] = `undefined`;
