// Jest Snapshot v1, https://goo.gl/fbAQLP

exports[`FragmentConditionne Should display element within 1`] = `
<div>
  <div
    class="sc-e32628d4-0 eFvDQP"
  >
    <h2
      class="sc-d6e72754-0 egzXkL"
    >
      <span
        class="sc-a4d7a179-0 gGBEJx"
      />
      Comment le saisir le médiateur de l'apprentissage ?
    </h2>
  </div>
  <p>
    Le médiateur de l'apprentissage à saisir dépend de l'activité de l'entreprise. Il est désigné par la chambre consulaire.
  </p>
  <div
    class="sc-ac4a133f-0 fvNPWb"
    data-rttabs="true"
  >
    <div
      class="sc-ac4a133f-1 fxZtdi"
    >
      <ul
        class="sc-ac4a133f-2 fHCeXh"
        role="tablist"
      >
        <li
          aria-controls="react-tabs-1"
          aria-disabled="false"
          aria-selected="true"
          class="sc-ac4a133f-3 faZqNG react-tabs__tab--selected"
          data-rttab="true"
          id="react-tabs-0"
          role="tab"
          tabindex="0"
        >
          Commerce - industrie
        </li>
        <li
          aria-controls="react-tabs-3"
          aria-disabled="false"
          aria-selected="false"
          class="sc-ac4a133f-3 faZqNG"
          data-rttab="true"
          id="react-tabs-2"
          role="tab"
        >
          Artisanat
        </li>
        <li
          aria-controls="react-tabs-5"
          aria-disabled="false"
          aria-selected="false"
          class="sc-ac4a133f-3 faZqNG"
          data-rttab="true"
          id="react-tabs-4"
          role="tab"
        >
          Agriculture
        </li>
        <li
          aria-controls="react-tabs-7"
          aria-disabled="false"
          aria-selected="false"
          class="sc-ac4a133f-3 faZqNG"
          data-rttab="true"
          id="react-tabs-6"
          role="tab"
        >
          Secteur public
        </li>
      </ul>
    </div>
    <div
      aria-labelledby="react-tabs-0"
      class="sc-ac4a133f-4 haGXHZ react-tabs__tab-panel--selected"
      id="react-tabs-1"
      role="tabpanel"
    >
      <div
        class="sc-8dcb2faa-0 gxfPDw"
      >
        <h2
          class="sc-b879fc2d-0 hyiHle"
        >
          Commerce - industrie
        </h2>
      </div>
      <div
        class="sc-ac4a133f-5 yflIk"
      >
        <p>
          Il faut saisir la chambre de commerce et d'industrie.
        </p>
        <div
          class="sc-b28d9feb-0 jhRKAI"
        >
          <strong
            class="sc-b28d9feb-1 FSydE"
          >
            Ou s'adresser ?
          </strong>
          <a
            aria-label="Chambre de commerce et d'industrie (CCI) (nouvelle fenêtre)"
            href="http://www.cci.fr/web/organisation-du-reseau/annuaire"
            rel="noopener noreferrer"
            target="_blank"
          >
            Chambre de commerce et d'industrie (CCI)
          </a>
        </div>
      </div>
    </div>
    <div
      aria-labelledby="react-tabs-2"
      class="sc-ac4a133f-4 haGXHZ"
      id="react-tabs-3"
      role="tabpanel"
    />
    <div
      aria-labelledby="react-tabs-4"
      class="sc-ac4a133f-4 haGXHZ"
      id="react-tabs-5"
      role="tabpanel"
    />
    <div
      aria-labelledby="react-tabs-6"
      class="sc-ac4a133f-4 haGXHZ"
      id="react-tabs-7"
      role="tabpanel"
    />
  </div>
</div>
`;
