// Jest Snapshot v1, https://goo.gl/fbAQLP

exports[`LienFiche should display link 1`] = `
<div>
  <p>
    <a
      href="https://www.service-public.fr/particuliers/vosdroits/F24411"
    >
      Départ négocié (difficultés économiques)
    </a>
  </p>
</div>
`;
