// Jest Snapshot v1, https://goo.gl/fbAQLP

exports[`<StepInfo /> should display error if contrat cdd 1`] = `
.c0 {
  color: #3e486e;
  font-size: 1.6rem;
  font-weight: 400;
  margin: 0;
}

@media (max-width:600px) {

}

<p
  class="c0"
>
  L’indemnité de licenciement n’est pas dûe pour les CDD et contrats de travail temporaires. Sous certaines conditions, le salarié peut avoir le droit à une 
  <a
    aria-label="indemnité de précarité (nouvelle fenêtre) (nouvelle fenêtre)"
    el="noopener noreferrer"
    href="/fiche-service-public/qui-peut-toucher-la-prime-de-precarite-a-la-fin-dun-contrat-de-travail"
    target="_blank"
  >
    indemnité de précarité (nouvelle fenêtre)
  </a>
  .
</p>
`;

exports[`<StepInfo /> should display error if fauteGrave 1`] = `
@media (max-width:600px) {

}

<strong>
  L’indemnité légale de licenciement n’est pas dûe en cas de faute grave.
</strong>
`;

exports[`<StepInfo /> should render 1`] = `
.c1 {
  color: #3e486e;
  font-size: 1.6rem;
  font-weight: 400;
}

.c5 {
  display: -webkit-box;
  display: -webkit-flex;
  display: -ms-flexbox;
  display: flex;
  font-size: 1.6rem;
  cursor: pointer;
}

.c3 {
  display: -webkit-box;
  display: -webkit-flex;
  display: -ms-flexbox;
  display: flex;
  -webkit-flex-direction: row;
  -ms-flex-direction: row;
  flex-direction: row;
}

.c4 {
  position: relative;
  display: inline-block;
  -webkit-flex-shrink: 0;
  -ms-flex-negative: 0;
  flex-shrink: 0;
  width: calc(1.6rem * 1.25);
  height: calc(1.6rem * 1.25);
  margin: calc(1.6rem / 5) calc(2 * 1.6rem / 3) 0 0;
  padding: 0;
  line-height: inherit;
  background: #fff;
  border: 1px solid #bbcadf;
  border-radius: 50%;
  box-shadow: none;
  cursor: pointer;
  -webkit-appearance: none;
  -moz-appearance: none;
  appearance: none;
}

.c4:before {
  position: absolute;
  top: 50%;
  left: 50%;
  display: none;
  width: calc(1.6rem / 1.5);
  height: calc(1.6rem / 1.5);
  background-color: #f66663;
  border-radius: 50%;
  -webkit-transform: translate(-50%,-50%);
  -ms-transform: translate(-50%,-50%);
  transform: translate(-50%,-50%);
  content: "";
}

.c4:checked {
  background-color: #fff;
  border-color: #f66663;
}

.c4:checked:before {
  display: block;
}

.c0 {
  display: inline-block;
  margin-top: 1rem;
  margin-bottom: 1rem;
  font-size: 1.8rem;
  font-weight: 600;
  cursor: pointer;
}

.c2 {
  display: -webkit-box;
  display: -webkit-flex;
  display: -ms-flexbox;
  display: flex;
  -webkit-flex-direction: column;
  -ms-flex-direction: column;
  flex-direction: column;
  -webkit-align-items: flex-start;
  -webkit-box-align: flex-start;
  -ms-flex-align: flex-start;
  align-items: flex-start;
  -webkit-box-pack: start;
  -webkit-justify-content: flex-start;
  -ms-flex-pack: start;
  justify-content: flex-start;
  margin-bottom: 0.8rem;
}

@media (max-width:600px) {
  .c0 {
    font-size: 1.6rem;
  }
}

<div>
  <form>
    <label
      class="c0"
    >
      Quel est le type du contrat de travail ?
      <span
        class="c1"
      >
         (obligatoire)
      </span>
    </label>
    <div
      class="c2"
    >
      <div
        class="c3"
      >
        <input
          class="c4"
          id="contrat-cdd"
          name="contrat"
          type="radio"
          value="cdd"
        />
        <label
          class="c5"
          for="contrat-cdd"
        >
          Contrat à durée determiné (CDD) ou contrat d’intérim
        </label>
      </div>
      <div
        class="c3"
      >
        <input
          class="c4"
          id="contrat-cdi"
          name="contrat"
          type="radio"
          value="cdi"
        />
        <label
          class="c5"
          for="contrat-cdi"
        >
          Contrat à durée indeterminé (CDI)
        </label>
      </div>
    </div>
    <label
      class="c0"
    >
      Le licenciement est-il dû à une faute grave (ou lourde) ?
      <span
        class="c1"
      >
         (obligatoire)
      </span>
    </label>
    <div
      class="c2"
    >
      <div
        class="c3"
      >
        <input
          class="c4"
          id="fauteGrave-oui"
          name="fauteGrave"
          type="radio"
          value="true"
        />
        <label
          class="c5"
          for="fauteGrave-oui"
        >
          Oui
        </label>
      </div>
      <div
        class="c3"
      >
        <input
          class="c4"
          id="fauteGrave-non"
          name="fauteGrave"
          type="radio"
          value="false"
        />
        <label
          class="c5"
          for="fauteGrave-non"
        >
          Non
        </label>
      </div>
    </div>
    <label
      class="c0"
    >
      Le licenciement est-il dû à une inaptitude suite à un accident du travail ou maladie professionnelle reconnue ?
      <span
        class="c1"
      >
         (obligatoire)
      </span>
    </label>
    <div
      class="c2"
    >
      <div
        class="c3"
      >
        <input
          class="c4"
          id="inaptitude-oui"
          name="inaptitude"
          type="radio"
          value="true"
        />
        <label
          class="c5"
          for="inaptitude-oui"
        >
          Oui
        </label>
      </div>
      <div
        class="c3"
      >
        <input
          class="c4"
          id="inaptitude-non"
          name="inaptitude"
          type="radio"
          value="false"
        />
        <label
          class="c5"
          for="inaptitude-non"
        >
          Non
        </label>
      </div>
    </div>
    <button
      data-testid="nextBt"
    >
      suivant
    </button>
  </form>
</div>
`;
