// Jest Snapshot v1, https://goo.gl/fbAQLP

exports[`<Step /> should render 1`] = `
.c3 {
  position: relative;
  display: -webkit-inline-box;
  display: -webkit-inline-flex;
  display: -ms-inline-flexbox;
  display: inline-flex;
  -webkit-flex: 1 1 auto;
  -ms-flex: 1 1 auto;
  flex: 1 1 auto;
  -webkit-align-items: center;
  -webkit-box-align: center;
  -ms-flex-align: center;
  align-items: center;
  -webkit-box-pack: start;
  -webkit-justify-content: flex-start;
  -ms-flex-pack: start;
  justify-content: flex-start;
  text-align: center;
}

.c6 {
  position: absolute;
  top: 1.6rem;
  right: 1.6rem;
  width: 1.6rem;
  height: 1.6rem;
  color: #f66663;
  pointer-events: none;
}

.c5 {
  width: 100%;
  height: 5.4rem;
  padding: 0 2rem 0;
  padding-right: 5rem;
  color: #3e486e;
  font-size: 1.6rem;
  font-family: "Open Sans",sans-serif;
  vertical-align: middle;
  background-color: #fff;
  border: none;
  border-radius: 0.6rem;
  box-shadow: 0 1rem 2rem rgba(121,148,212,0.2);
  cursor: pointer;
  -webkit-transition: border-color 250ms ease;
  transition: border-color 250ms ease;
  -webkit-appearance: none;
  -moz-appearance: none;
  appearance: none;
}

.c5::-ms-expand {
  background-color: transparent;
  border: 0 transparent;
}

.c5 *::-ms-backdrop,
.c5 {
  padding-right: 1.6rem;
}

.c5:invalid {
  border-color: #eb5757;
}

.c5:disabled {
  background-color: #e4e8ef;
}

.c2 {
  display: -webkit-box;
  display: -webkit-flex;
  display: -ms-flexbox;
  display: flex;
  -webkit-align-items: center;
  -webkit-box-align: center;
  -ms-flex-align: center;
  align-items: center;
  margin-right: 2em;
  padding: 0;
}

.c0 {
  margin-top: 3.2rem;
  margin-bottom: 2rem;
  color: #4d73b8;
  font-weight: 600;
  font-size: 1.8rem;
  font-family: "Open Sans",sans-serif;
}

.c4 {
  max-width: 32rem;
}

.c1 {
  display: -webkit-box;
  display: -webkit-flex;
  display: -ms-flexbox;
  display: flex;
  -webkit-flex-direction: column;
  -ms-flex-direction: column;
  flex-direction: column;
  -webkit-align-items: flex-start;
  -webkit-box-align: flex-start;
  -ms-flex-align: flex-start;
  align-items: flex-start;
  margin-bottom: 2rem;
}

@media (max-width:600px) {
  .c3 {
    width: 100%;
  }
}

<div>
  <h2
    class="c0"
  >
    Motif du licenciement
  </h2>
  <div
    class="c1"
  >
    <label
      class="c2"
      for="input-motif"
    >
      Quel est le motif du licenciement ?
    </label>
    <div
      class="c3 c4"
    >
      <select
        class="c5"
        id="input-motif"
        name="motif"
      >
        <option
          disabled=""
          value=""
        >
          motifs...
        </option>
        <option
          value="disciplinaire"
        >
          Motif disciplinaire
        </option>
        <option
          value="non-disciplinaire"
        >
          Motif non disciplinaire
        </option>
        <option
          value="eco"
        >
          Motif économique
        </option>
      </select>
      <div
        aria-hidden="true"
        class="c6"
      >
        <svg
          aria-hidden="true"
          fill="none"
          viewBox="0 0 16 16"
          xmlns="http://www.w3.org/2000/svg"
        >
          <g
            clip-path="url(#arrow-down_svg__clip0)"
          >
            <path
              d="M8.425 11.573l7.11-6.072a.709.709 0 00.26-.537.709.709 0 00-.26-.537.973.973 0 00-.629-.223.973.973 0 00-.63.223l-6.48 5.536-6.481-5.536a.973.973 0 00-.63-.223.973.973 0 00-.628.223.708.708 0 00-.261.537c0 .202.094.395.26.537l7.11 6.072a.91.91 0 00.29.165 1.021 1.021 0 00.68 0 .91.91 0 00.29-.165z"
              fill="currentColor"
            />
          </g>
          <defs>
            <clippath
              id="arrow-down_svg__clip0"
            >
              <path
                d="M0 0h16v16H0z"
                fill="currentColor"
              />
            </clippath>
          </defs>
        </svg>
      </div>
    </div>
  </div>
  <div
    class="c1"
  >
    <label
      class="c2"
      for="input-categorie"
    >
      Quelle est la catégorie professionnelle du salarié ?
    </label>
    <div
      class="c3 c4"
    >
      <select
        class="c5"
        id="input-categorie"
        name="categorie"
      >
        <option
          disabled=""
          value=""
        >
          catégories...
        </option>
        <option
          value="non-cadre"
        >
          Non cadre
        </option>
        <option
          value="cadre"
        >
          Cadre
        </option>
        <option
          value="ne-sais-pas"
        >
          Ne sait pas
        </option>
      </select>
      <div
        aria-hidden="true"
        class="c6"
      >
        <svg
          aria-hidden="true"
          fill="none"
          viewBox="0 0 16 16"
          xmlns="http://www.w3.org/2000/svg"
        >
          <g
            clip-path="url(#arrow-down_svg__clip0)"
          >
            <path
              d="M8.425 11.573l7.11-6.072a.709.709 0 00.26-.537.709.709 0 00-.26-.537.973.973 0 00-.629-.223.973.973 0 00-.63.223l-6.48 5.536-6.481-5.536a.973.973 0 00-.63-.223.973.973 0 00-.628.223.708.708 0 00-.261.537c0 .202.094.395.26.537l7.11 6.072a.91.91 0 00.29.165 1.021 1.021 0 00.68 0 .91.91 0 00.29-.165z"
              fill="currentColor"
            />
          </g>
          <defs>
            <clippath
              id="arrow-down_svg__clip0"
            >
              <path
                d="M0 0h16v16H0z"
                fill="currentColor"
              />
            </clippath>
          </defs>
        </svg>
      </div>
    </div>
  </div>
</div>
`;
