// Jest Snapshot v1, https://goo.gl/fbAQLP

exports[`<ServiceEnLigne /> should render 1`] = `
.c4 {
  display: block;
  margin: 0 0 1rem 0;
  color: #4d73b8;
  font-weight: 600;
  font-size: 1.2rem;
  font-family: "Open Sans",sans-serif;
  line-height: 1.625;
  text-transform: uppercase;
}

.c0 {
  position: relative;
  display: -webkit-inline-box;
  display: -webkit-inline-flex;
  display: -ms-inline-flexbox;
  display: inline-flex;
  -webkit-flex: 1 1;
  -ms-flex: 1 1;
  flex: 1 1;
  -webkit-flex-direction: column;
  -ms-flex-direction: column;
  flex-direction: column;
  -webkit-flex-wrap: wrap;
  -ms-flex-wrap: wrap;
  flex-wrap: wrap;
  -webkit-align-items: stretch;
  -webkit-box-align: stretch;
  -ms-flex-align: stretch;
  align-items: stretch;
  width: 100%;
  margin: 0;
  padding: 2rem 2rem;
  color: #3e486e;
  font-weight: normal;
  font-size: 1.6rem;
  text-align: left;
  -webkit-text-decoration: none;
  text-decoration: none;
  background-color: #fff;
  border: none;
  border-radius: 0.6rem;
  box-shadow: 0 1rem 2rem rgba(121,148,212,0.2);
  cursor: pointer;
  -webkit-transition: box-shadow 250ms linear, -webkit-transform 100ms linear;
  -webkit-transition: box-shadow 250ms linear, transform 100ms linear;
  transition: box-shadow 250ms linear, transform 100ms linear;
  -webkit-appearance: none;
  -moz-appearance: none;
  appearance: none;
}

.c0:hover,
.c0:active,
.c0:focus {
  color: #3e486e;
  box-shadow: 0 1rem 2rem rgba(121,148,212,0.4);
  -webkit-transform: translateY(-2px);
  -ms-transform: translateY(-2px);
  transform: translateY(-2px);
}

.c2 {
  -webkit-flex: 0 0 auto;
  -ms-flex: 0 0 auto;
  flex: 0 0 auto;
  width: 100%;
}

.c3 {
  padding-right: 1rem;
}

.c5 {
  margin: 0;
  font-size: 1.8rem;
  font-weight: 600;
}

.c6 {
  -webkit-flex: 1 1 auto;
  -ms-flex: 1 1 auto;
  flex: 1 1 auto;
  margin-top: 1rem;
}

.c1 {
  margin-bottom: 1.6rem;
}

@media (max-width:600px) {
  .c0 {
    padding: 1.6rem 1.6rem;
    font-size: 1.4rem;
  }
}

<div>
  <a
    aria-label="Se retrouve dans en entête Texte qui se retrouve dans le lien (nouvelle fenêtre)"
    class="c0 c1 no-after"
    href="url à retoruver dans le lien"
    rel="noopener noreferrer"
    target="_blank"
  >
    <div
      class="c2"
    >
      <div
        class="c3"
      >
        <p
          class="c4 "
        >
          Se retrouve dans en entête
        </p>
        <p
          class="c5"
        >
          Texte qui se retrouve dans le lien
        </p>
      </div>
    </div>
    <div
      class="c6"
    >
      Source: 
      Source qui se retrouve sous le lien
    </div>
  </a>
</div>
`;
