// Jest Snapshot v1, https://goo.gl/fbAQLP

exports[`Themes getAllThemes 1`] = `
{
  "children": [
    {
      "children": [
        {
          "label": "Embauche",
          "slug": "embauche",
        },
        {
          "label": "Contrat de travail",
          "slug": "contrat-de-travail",
        },
      ],
      "icon": "Contract",
      "position": 1,
      "slug": "embauche-et-contrat-de-travail",
      "title": "Embauche et contrat de travail",
    },
    {
      "children": [
        {
          "label": "Documents à remettre au salarié",
          "slug": "documents-a-remettre-au-salarie",
        },
        {
          "label": "Démission",
          "slug": "demission",
        },
        {
          "label": "Fin d’un CDD - CTT",
          "slug": "fin-dun-cdd-ctt",
        },
        {
          "label": "Rupture conventionnelle",
          "slug": "rupture-conventionnelle",
        },
        {
          "label": "Licenciement : droits des salariés et procédures",
          "slug": "licenciement-droits-des-salaries-et-procedures",
        },
        {
          "label": "Retraite",
          "slug": "retraite",
        },
        {
          "label": "Autres départs",
          "slug": "autres-departs",
        },
      ],
      "icon": "Depart",
      "position": 8,
      "slug": "depart-de-lentreprise",
      "title": "Départ de l’entreprise",
    },
  ],
}
`;

exports[`Themes getAllThemesAndSubThemes 1`] = `
[
  {
    "children": [
      {
        "label": "Embauche",
        "slug": "embauche",
      },
      {
        "label": "Contrat de travail",
        "slug": "contrat-de-travail",
      },
    ],
    "icon": "Contract",
    "position": 1,
    "slug": "embauche-et-contrat-de-travail",
    "title": "Embauche et contrat de travail",
  },
  {
    "children": [
      {
        "label": "Documents à remettre au salarié",
        "slug": "documents-a-remettre-au-salarie",
      },
      {
        "breadcrumbs": [
          {
            "label": "Départ de l’entreprise",
            "position": 8,
            "slug": "/themes/depart-de-lentreprise",
          },
        ],
        "children": [],
        "label": "Démission",
        "position": 1,
        "refs": [
          {
            "cdtnId": "5d4a0ee541",
            "description": "La démission permet au salarié de rompre son CDI de sa propre initiative. Si un délai de préavis est prévu, il doit être respecté.",
            "slug": "la-demission",
            "source": "page_fiche_ministere_travail",
            "title": "La démission",
          },
          {
            "cdtnId": "8c42435f9a",
            "description": "La démission permet au salarié, à son initiative, de rompre son contrat de travail, sous conditions.",
            "slug": "demission-dun-salarie",
            "source": "fiches_service_public",
            "title": "Démission d'un salarié",
          },
          {
            "cdtnId": "a6773953e6",
            "description": "Le salarié peut revenir sur sa démission. La rétractation s'impose à l'employeur si la volonté réelle de démissionner du salarié est remise en cause.",
            "slug": "le-salarie-peut-il-revenir-sur-sa-demission",
            "source": "fiches_service_public",
            "title": "Le salarié peut-il revenir sur sa démission ?",
          },
          {
            "cdtnId": "db4f1fe3fb",
            "description": "La durée du préavis de démission est fixée :

Soit par une convention collective ou un accord collectif

Soit par les usages pratiqués dans la localité…",
            "slug": "quelle-est-la-duree-du-preavis-en-cas-de-demission",
            "source": "contributions",
            "title": "Quelle est la durée du préavis en cas de démission ?",
          },
          {
            "cdtnId": "1eea193273",
            "description": "Calculez la durée de préavis à respecter en cas de démission",
            "displayTool": true,
            "order": 1,
            "slug": "preavis-demission",
            "source": "outils",
            "title": "Préavis de démission",
          },
          {
            "cdtnId": "9fcdb4215e",
            "description": "Le préavis de démission doit être exécuté en totalité par l’employeur et le salarié, y compris si le salarié a retrouvé un emploi. Mais, le préavis n’est…",
            "slug": "le-preavis-de-demission-doit-il-etre-execute-en-totalite-y-compris-si-le-salarie-a-retrouve-un-emploi",
            "source": "contributions",
            "title": "Le préavis de démission doit-il être exécuté en totalité ? Y compris si le salarié a retrouvé un emploi ?",
          },
          {
            "cdtnId": "fdaf586c20",
            "description": "Le salarié qui démissionne pour suivre la personne avec qui il vit en couple doit effectuer un préavis, sauf dispense de l'employeur.",
            "slug": "est-on-dispense-de-preavis-en-cas-de-demission-liee-a-la-mutation-du-conjoint",
            "source": "fiches_service_public",
            "title": "Est-on dispensé de préavis en cas de démission liée à la mutation du conjoint ?",
          },
          {
            "cdtnId": "6ed149796a",
            "description": "Le salarié ne bénéficie pas d'heures de recherche d'emploi pendant son préavis suite à sa démission, sauf dispositions conventionnelles.",
            "slug": "beneficie-t-on-dheures-de-recherche-demploi-pendant-le-preavis-de-demission",
            "source": "fiches_service_public",
            "title": "Bénéficie-t-on d'heures de recherche d'emploi pendant le préavis de démission ?",
          },
          {
            "cdtnId": "184ebe1ef6",
            "description": "Oui. Toute salariée peut démissionner pendant un congé maternité, dans les conditions habituelles prévues en matière de démission.",
            "slug": "peut-on-demissionner-pendant-un-conge-maternite",
            "source": "fiches_service_public",
            "title": "Peut-on démissionner pendant un congé maternité ?",
          },
          {
            "cdtnId": "6b17d70cd9",
            "description": "Le salarié peut démissionner pendant un arrêt maladie, sauf s'il est en période d'essai.",
            "slug": "peut-on-demissionner-pendant-un-arret-maladie",
            "source": "fiches_service_public",
            "title": "Peut-on démissionner pendant un arrêt maladie ?",
          },
          {
            "cdtnId": "4e0dedaa2e",
            "description": "Le salarié d'un particulier employeur qui souhaite démissionner doit informer son employeur et respecter un préavis. Il peut bénéficier d'une indemnité compensatrice de préavis et éventuellement d'une indemnité compensatrice de congés payés. L'employeur doit lui remettre des documents de fin de contrat.",
            "slug": "demission-du-salarie-a-domicile-employe-par-un-particulier",
            "source": "fiches_service_public",
            "title": "Démission du salarié à domicile employé par un particulier",
          },
          {
            "cdtnId": "38474d168c",
            "description": "L'assistante maternelle (ou assistant maternel) agréée qui souhaite rompre son contrat de travail doit informer le particulier employeur par écrit et respecter un préavis. À la fin de celui-ci, l'employeur remet les documents de fin de contrat.",
            "slug": "demission-dune-assistante-maternelle",
            "source": "fiches_service_public",
            "title": "Démission d'une assistante maternelle",
          },
          {
            "cdtnId": "503c412884",
            "description": "Le salarié peut démissionner pendant son congé parental, dans le respect de la procédure habituelle prévue en matière de démission.",
            "slug": "peut-on-demissionner-pendant-un-conge-parental",
            "source": "fiches_service_public",
            "title": "Peut-on démissionner pendant un congé parental ?",
          },
          {
            "cdtnId": "2e47dcbf91",
            "description": "Seules les personnes involontairement privées d'emploi peuvent bénéficier des allocations chômage. La démission n'ouvre pas de droit au chômage, sauf dérogation",
            "slug": "le-droit-aux-allocations-chomage-du-salarie-demissionnaire",
            "source": "page_fiche_ministere_travail",
            "title": "Le droit aux allocations chômage du salarié démissionnaire",
          },
          {
            "cdtnId": "b1a0a48265",
            "description": "À partir du 1er novembre, tous les salariés ayant au moins 5 ans d'activité salariée dans une ou plusieurs entreprises auront droit à l'assurance (...)",
            "slug": "de-nouveaux-droits-pour-les-salaries-demissionnaires",
            "source": "page_fiche_ministere_travail",
            "title": "De nouveaux droits pour les salariés démissionnaires",
          },
          {
            "cdtnId": "4e7e702fb5",
            "description": "Le salarié qui démissionne n'a pas droit aux allocations chômage (ARE), sauf cas particuliers (démission légitime, reliquat de droits...).",
            "slug": "un-salarie-peut-il-percevoir-lallocation-chomage-en-cas-de-demission",
            "source": "fiches_service_public",
            "title": "Un salarié peut-il percevoir l'allocation chômage en cas de démission ?",
          },
          {
            "cdtnId": "3e70fb9868",
            "description": "Peut-on percevoir l'allocation chômage en cas de démission ?",
            "slug": "peut-on-percevoir-lallocation-chomage-en-cas-de-demission",
            "source": "fiches_service_public",
            "title": "Peut-on percevoir l'allocation chômage en cas de démission ?",
          },
        ],
        "slug": "demission",
        "title": "Démission",
      },
      {
        "label": "Fin d’un CDD - CTT",
        "slug": "fin-dun-cdd-ctt",
      },
      {
        "label": "Rupture conventionnelle",
        "slug": "rupture-conventionnelle",
      },
      {
        "label": "Licenciement : droits des salariés et procédures",
        "slug": "licenciement-droits-des-salaries-et-procedures",
      },
      {
        "label": "Retraite",
        "slug": "retraite",
      },
      {
        "label": "Autres départs",
        "slug": "autres-departs",
      },
    ],
    "icon": "Depart",
    "position": 8,
    "slug": "depart-de-lentreprise",
    "title": "Départ de l’entreprise",
  },
]
`;

exports[`Themes getBySlugThemes 1`] = `
{
  "breadcrumbs": [],
  "children": [
    {
      "label": "Embauche",
      "slug": "embauche",
    },
    {
      "label": "Contrat de travail",
      "slug": "contrat-de-travail",
    },
  ],
  "description": "Vous venez de trouver un travail, vous embauchez un salarié ou un apprenti ? Vous souhaitez faire une déclaration préalable à l’embauche, rédiger un contrat de travail (CDI, CDD, travail temporaire, temps plein, temps partiel) ? Retrouvez toutes nos réponses ici.  ",
  "position": 1,
  "refs": [
    {
      "cdtnId": "c87486b7f0",
      "description": "Tout employeur, sauf s'il s'agit d'un particulier employeur, doit obligatoirement détenir plusieurs registres : registre unique du personnel, registres relatifs aux conditions du travail, registre du comité social et économique (CSE) et document unique d'évaluation des risques professionnels (DUER ou DUERP).",
      "slug": "registres-du-personnel-obligatoires",
      "source": "fiches_service_public",
      "title": "Registres du personnel obligatoires",
    },
    {
      "cdtnId": "59d6f71101",
      "description": "Il assure la transparence des emplois dans chaque établissement avec l'identification des salariés, les dates d'embauche et de départ, les contrats de travail.",
      "slug": "le-registre-unique-du-personnel",
      "source": "page_fiche_ministere_travail",
      "title": "Le registre unique du personnel",
    },
    {
      "cdtnId": "f958c8b035",
      "description": "Dans le contexte actuel sans précédent, les salariés inoccupés qui le souhaitent, peuvent être transférés provisoirement dans une entreprise confrontée (...)",
      "slug": "mise-a-disposition-temporaire-de-salaries-volontaires-entre-deux-entreprises",
      "source": "page_fiche_ministere_travail",
      "title": "Mise à disposition temporaire de salariés volontaires entre deux entreprises",
    },
  ],
  "slug": "embauche-et-contrat-de-travail",
  "title": "Embauche et contrat de travail",
}
`;
