// Jest Snapshot v1, https://jestjs.io/docs/snapshot-testing

exports[`<ANoter /> affiche un encart à noter (alert) 1`] = `
<div>
  <div
    class="fr-alert fr-alert--info fr-mb-4w"
  >
    <h2>
      À savoir
    </h2>
    <p>
      le préavis commence à courir à compter de la notification à l'employeur de votre démission.
    </p>
  </div>
</div>
`;
